---
source: crates/ridlc/tests/corpus.rs
assertion_line: 355
expression: compiled.rust
input_file: crates/ridlc/tests/corpus/services-workspace/ridl.toml
---
// ===== package fleet.contracts =====
#[derive(Debug, Clone, Copy, PartialEq, Eq, Hash, PartialOrd, Ord)]
#[repr(transparent)]
pub struct DoorId(::core::primitive::i64);
impl DoorId {
    /// Constructs the value, enforcing its typl constraints.
    pub fn new(
        value: ::core::primitive::i64,
    ) -> ::core::result::Result<Self, ::ridl_rt::payload::Violation> {
        Self::check(&value)?;
        ::core::result::Result::Ok(Self::new_unchecked(value))
    }
    /// Checks `value` against this type's typl constraints, without
    /// constructing it. `pub(crate)` rather than `pub`: a caller
    /// outside `new` is a function generated into this crate — since
    /// driftsys/ridl#467 that includes the codec of *another* package
    /// of the same build, which reaches this type through the module
    /// tree and so cannot see a private item here. The emitted crate
    /// is one crate per build, so `pub(crate)` reaches every such
    /// caller while adding nothing to the crate's public surface.
    /// Whether this becomes `pub` is Epic 10's call, still open.
    /// `new` is the composition of this and `new_unchecked`.
    pub(crate) fn check(
        value: &::core::primitive::i64,
    ) -> ::core::result::Result<(), ::ridl_rt::payload::Violation> {
        let value = *value;
        if value < 0 {
            return ::core::result::Result::Err(::ridl_rt::payload::Violation {
                type_name: "DoorId",
                rule: ::ridl_rt::payload::Rule::Range,
            });
        }
        if value > 7 {
            return ::core::result::Result::Err(::ridl_rt::payload::Violation {
                type_name: "DoorId",
                rule: ::ridl_rt::payload::Rule::Range,
            });
        }
        ::core::result::Result::Ok(())
    }
    /// Constructs the value without checking its constraints.
    ///
    /// Safe: nothing here relies on the invariant for memory
    /// soundness. Use it only for a value already known to satisfy
    /// the contract.
    pub const fn new_unchecked(value: ::core::primitive::i64) -> Self {
        Self(value)
    }
    pub const fn get(self) -> ::core::primitive::i64 {
        self.0
    }
}
impl ::core::convert::TryFrom<::core::primitive::i64> for DoorId {
    type Error = ::ridl_rt::payload::Violation;
    fn try_from(
        value: ::core::primitive::i64,
    ) -> ::core::result::Result<Self, Self::Error> {
        Self::new(value)
    }
}
impl ::core::convert::From<DoorId> for ::core::primitive::i64 {
    fn from(value: DoorId) -> Self {
        value.0
    }
}
impl ::core::default::Default for DoorId {
    fn default() -> Self {
        DoorId::new_unchecked(0)
    }
}
#[derive(Debug, Clone, Copy, PartialEq, PartialOrd)]
#[repr(transparent)]
pub struct Percent(::core::primitive::f64);
impl Percent {
    /// Constructs the value, enforcing its typl constraints.
    pub fn new(
        value: ::core::primitive::f64,
    ) -> ::core::result::Result<Self, ::ridl_rt::payload::Violation> {
        Self::check(&value)?;
        ::core::result::Result::Ok(Self::new_unchecked(value))
    }
    /// Checks `value` against this type's typl constraints, without
    /// constructing it. `pub(crate)` rather than `pub`: a caller
    /// outside `new` is a function generated into this crate — since
    /// driftsys/ridl#467 that includes the codec of *another* package
    /// of the same build, which reaches this type through the module
    /// tree and so cannot see a private item here. The emitted crate
    /// is one crate per build, so `pub(crate)` reaches every such
    /// caller while adding nothing to the crate's public surface.
    /// Whether this becomes `pub` is Epic 10's call, still open.
    /// `new` is the composition of this and `new_unchecked`.
    pub(crate) fn check(
        value: &::core::primitive::f64,
    ) -> ::core::result::Result<(), ::ridl_rt::payload::Violation> {
        let value = *value;
        if !value.is_finite() {
            return ::core::result::Result::Err(::ridl_rt::payload::Violation {
                type_name: "Percent",
                rule: ::ridl_rt::payload::Rule::Range,
            });
        }
        if value < 0.0 {
            return ::core::result::Result::Err(::ridl_rt::payload::Violation {
                type_name: "Percent",
                rule: ::ridl_rt::payload::Rule::Range,
            });
        }
        if value > 100.0 {
            return ::core::result::Result::Err(::ridl_rt::payload::Violation {
                type_name: "Percent",
                rule: ::ridl_rt::payload::Rule::Range,
            });
        }
        if {
            let __checked: ::core::primitive::f64 = value as ::core::primitive::f32
                as ::core::primitive::f64;
            {
                let __factor: ::core::primitive::f64 = 1f64;
                let __original_step: ::core::primitive::f64 = 0.5f64;
                let __step: ::core::primitive::f64 = 0.5f64;
                let __step_low: ::core::primitive::f64 = 0f64;
                let __phase: ::core::primitive::f64 = 0f64;
                let __phase_low: ::core::primitive::f64 = 0f64;
                if !__checked.is_finite() {
                    true
                } else {
                    let __represented = (__checked as ::core::primitive::f32).abs();
                    let __bits = __represented.to_bits();
                    let __below = if __bits == 0 {
                        -::core::primitive::f32::from_bits(1)
                    } else {
                        ::core::primitive::f32::from_bits(__bits - 1)
                    };
                    let __above = ::core::primitive::f32::from_bits(__bits + 1);
                    let __lower_gap = (__represented - __below)
                        as ::core::primitive::f64;
                    let __upper_gap = if __above.is_finite() {
                        (__above - __represented) as ::core::primitive::f64
                    } else {
                        __lower_gap
                    };
                    let __cell = (__lower_gap + __upper_gap) / 2.0;
                    if __original_step < __cell {
                        false
                    } else {
                        let __scaled_value = __checked * __factor;
                        let __delta = __scaled_value - __phase;
                        let __quotient = if __delta.is_finite() {
                            __delta / __step
                        } else {
                            __scaled_value / __step - __phase / __step
                        };
                        let __index = __quotient.round();
                        let __scale = __checked
                            .abs()
                            .max((__phase / __factor).abs())
                            .max(__original_step.abs());
                        let __tolerance = (4.0
                            * (::core::primitive::f32::EPSILON as ::core::primitive::f64)
                            * __scale)
                            .min(__original_step / 4.0);
                        let mut __distance = ::core::primitive::f64::INFINITY;
                        for __candidate in [__index - 1.0, __index, __index + 1.0] {
                            let __product = __candidate * __step;
                            let __sum = __product + __phase;
                            let __nearest = if __product.is_finite() && __sum.is_finite()
                            {
                                let __product_error = __candidate
                                    .mul_add(__step, -__product);
                                let __part = __sum - __product;
                                let __sum_error = (__product - (__sum - __part))
                                    + (__phase - __part);
                                let __low = __candidate.mul_add(__step_low, __phase_low)
                                    + __product_error + __sum_error;
                                __sum + __low
                            } else {
                                __candidate.mul_add(__step, __phase)
                                    + __candidate.mul_add(__step_low, __phase_low)
                            };
                            let __nearest = (__nearest / __factor)
                                as ::core::primitive::f32 as ::core::primitive::f64;
                            if __nearest.is_finite() {
                                __distance = __distance.min((__checked - __nearest).abs());
                            }
                        }
                        !__quotient.is_finite() || __distance > __tolerance
                    }
                }
            }
        } {
            return ::core::result::Result::Err(::ridl_rt::payload::Violation {
                type_name: "Percent",
                rule: ::ridl_rt::payload::Rule::Step,
            });
        }
        ::core::result::Result::Ok(())
    }
    /// Constructs the value without checking its constraints.
    ///
    /// Safe: nothing here relies on the invariant for memory
    /// soundness. Use it only for a value already known to satisfy
    /// the contract.
    pub const fn new_unchecked(value: ::core::primitive::f64) -> Self {
        Self(value)
    }
    pub const fn get(self) -> ::core::primitive::f64 {
        self.0
    }
}
impl ::core::convert::TryFrom<::core::primitive::f64> for Percent {
    type Error = ::ridl_rt::payload::Violation;
    fn try_from(
        value: ::core::primitive::f64,
    ) -> ::core::result::Result<Self, Self::Error> {
        Self::new(value)
    }
}
impl ::core::convert::From<Percent> for ::core::primitive::f64 {
    fn from(value: Percent) -> Self {
        value.0
    }
}
impl ::core::default::Default for Percent {
    fn default() -> Self {
        Percent::new_unchecked(0.0)
    }
}
#[derive(Debug, Clone, Copy, PartialEq, Eq, Hash, PartialOrd, Ord)]
#[repr(transparent)]
pub struct Odometer(::core::primitive::i64);
impl Odometer {
    /// Constructs the value, enforcing its typl constraints.
    pub fn new(
        value: ::core::primitive::i64,
    ) -> ::core::result::Result<Self, ::ridl_rt::payload::Violation> {
        Self::check(&value)?;
        ::core::result::Result::Ok(Self::new_unchecked(value))
    }
    /// Checks `value` against this type's typl constraints, without
    /// constructing it. `pub(crate)` rather than `pub`: a caller
    /// outside `new` is a function generated into this crate — since
    /// driftsys/ridl#467 that includes the codec of *another* package
    /// of the same build, which reaches this type through the module
    /// tree and so cannot see a private item here. The emitted crate
    /// is one crate per build, so `pub(crate)` reaches every such
    /// caller while adding nothing to the crate's public surface.
    /// Whether this becomes `pub` is Epic 10's call, still open.
    /// `new` is the composition of this and `new_unchecked`.
    pub(crate) fn check(
        value: &::core::primitive::i64,
    ) -> ::core::result::Result<(), ::ridl_rt::payload::Violation> {
        let value = *value;
        if value < 0 {
            return ::core::result::Result::Err(::ridl_rt::payload::Violation {
                type_name: "Odometer",
                rule: ::ridl_rt::payload::Rule::Range,
            });
        }
        if value > 4294967295 {
            return ::core::result::Result::Err(::ridl_rt::payload::Violation {
                type_name: "Odometer",
                rule: ::ridl_rt::payload::Rule::Range,
            });
        }
        ::core::result::Result::Ok(())
    }
    /// Constructs the value without checking its constraints.
    ///
    /// Safe: nothing here relies on the invariant for memory
    /// soundness. Use it only for a value already known to satisfy
    /// the contract.
    pub const fn new_unchecked(value: ::core::primitive::i64) -> Self {
        Self(value)
    }
    pub const fn get(self) -> ::core::primitive::i64 {
        self.0
    }
}
impl ::core::convert::TryFrom<::core::primitive::i64> for Odometer {
    type Error = ::ridl_rt::payload::Violation;
    fn try_from(
        value: ::core::primitive::i64,
    ) -> ::core::result::Result<Self, Self::Error> {
        Self::new(value)
    }
}
impl ::core::convert::From<Odometer> for ::core::primitive::i64 {
    fn from(value: Odometer) -> Self {
        value.0
    }
}
impl ::core::default::Default for Odometer {
    fn default() -> Self {
        Odometer::new_unchecked(0)
    }
}
#[derive(Debug, Clone, Copy, PartialEq, Eq, Hash)]
#[repr(i64)]
pub enum LockState {
    Unlocked = 0,
    Locked = 1,
}
impl ::core::convert::TryFrom<::core::primitive::i64> for LockState {
    type Error = ::ridl_rt::payload::Violation;
    fn try_from(
        value: ::core::primitive::i64,
    ) -> ::core::result::Result<Self, ::ridl_rt::payload::Violation> {
        match value {
            0 => ::core::result::Result::Ok(Self::Unlocked),
            1 => ::core::result::Result::Ok(Self::Locked),
            _ => {
                ::core::result::Result::Err(::ridl_rt::payload::Violation {
                    type_name: "LockState",
                    rule: ::ridl_rt::payload::Rule::Variant,
                })
            }
        }
    }
}
impl ::core::convert::From<LockState> for ::core::primitive::i64 {
    fn from(value: LockState) -> Self {
        value as ::core::primitive::i64
    }
}
impl ::core::default::Default for LockState {
    fn default() -> Self {
        LockState::Unlocked
    }
}
#[derive(Debug, Clone, Copy, PartialEq, Eq, Hash)]
#[repr(C)]
pub struct DoorReport {
    pub door: DoorId,
    pub locked: LockState,
}
impl ::core::default::Default for DoorReport {
    fn default() -> Self {
        DoorReport {
            door: <DoorId as ::core::default::Default>::default(),
            locked: <LockState as ::core::default::Default>::default(),
        }
    }
}
#[derive(Debug, Clone, Copy, PartialEq, Eq, Hash)]
#[repr(i64)]
pub enum DoorFault {
    Jammed = 0,
    Unpowered = 1,
}
impl ::core::convert::TryFrom<::core::primitive::i64> for DoorFault {
    type Error = ::ridl_rt::payload::Violation;
    fn try_from(
        value: ::core::primitive::i64,
    ) -> ::core::result::Result<Self, ::ridl_rt::payload::Violation> {
        match value {
            0 => ::core::result::Result::Ok(Self::Jammed),
            1 => ::core::result::Result::Ok(Self::Unpowered),
            _ => {
                ::core::result::Result::Err(::ridl_rt::payload::Violation {
                    type_name: "DoorFault",
                    rule: ::ridl_rt::payload::Rule::Variant,
                })
            }
        }
    }
}
impl ::core::convert::From<DoorFault> for ::core::primitive::i64 {
    fn from(value: DoorFault) -> Self {
        value as ::core::primitive::i64
    }
}
impl ::core::default::Default for DoorFault {
    fn default() -> Self {
        DoorFault::Jammed
    }
}
/// An accessor over FlatBuffers bytes `DoorId`'s `verify` accepted.
///
/// The buffer's root is the box table ADR-0019 decision 8
/// gives this declaration: one non-optional `value` field. A
/// buffer carrying no slot for it holds the FlatBuffers
/// default, 0, when 0 is a legal value of this type, and is
/// `MissingRequired` when it is not.
#[derive(Debug, Clone, Copy, PartialEq, Eq)]
#[allow(deprecated)]
pub struct DoorIdFbView<'a> {
    pub(crate) buf: &'a [::core::primitive::u8],
    pub(crate) table: ::core::primitive::usize,
}
#[allow(deprecated)]
impl<'a> ::ridl_rt::payload::View<'a> for DoorIdFbView<'a> {
    fn bytes(&self) -> &'a [::core::primitive::u8] {
        self.buf
    }
}
#[allow(deprecated)]
impl<'a> DoorIdFbView<'a> {
    /// The value the box carries. `DoorId` is one value, so this decodes it rather than borrowing it, which costs one read.
    pub fn value(&self) -> DoorId {
        __ridl_fb_decode_DoorId(self.buf, self.table)
    }
}
/// Writes `DoorId` as its box table and returns its position (ADR-0019 decision 8).
#[allow(deprecated, non_snake_case)]
pub(crate) fn __ridl_fb_encode_DoorId(
    value: &DoorId,
    builder: &mut ::ridl_rt::flatbuffers::Builder<'_>,
) -> ::core::result::Result<
    ::ridl_rt::flatbuffers::Pos,
    ::ridl_rt::payload::EncodeError,
> {
    ::core::result::Result::Ok({
        let __box = [
            ::ridl_rt::flatbuffers::TableField {
                slot: 0u16,
                offset: 4u16,
                value: {
                    let __s = *value;
                    ::ridl_rt::flatbuffers::Field::U8(__s.get() as ::core::primitive::u8)
                },
            },
        ];
        builder.push_table(5usize, 4usize, 1u16, &__box)?
    })
}
#[allow(deprecated, non_snake_case)]
pub(crate) fn __ridl_fb_verify_DoorId(
    buf: &[::core::primitive::u8],
    table: ::core::primitive::usize,
) -> ::core::result::Result<(), ::ridl_rt::payload::VerifyError> {
    if let ::core::option::Option::Some(__p) = ::ridl_rt::flatbuffers::field(
            buf,
            table,
            0u16,
            1usize,
        )
        .map_err(::ridl_rt::payload::VerifyError::Structure)?
    {
        let __raw = ::ridl_rt::flatbuffers::read_u8(buf, __p)
            .map_err(::ridl_rt::payload::VerifyError::Structure)?;
        DoorId::check(&(::core::primitive::i64::from(__raw)))
            .map_err(::ridl_rt::payload::VerifyError::Contract)?;
    }
    ::core::result::Result::Ok(())
}
#[allow(deprecated, non_snake_case)]
pub(crate) fn __ridl_fb_decode_DoorId(
    buf: &[::core::primitive::u8],
    table: ::core::primitive::usize,
) -> DoorId {
    match ::ridl_rt::flatbuffers::field(buf, table, 0u16, 1usize) {
        ::core::result::Result::Ok(::core::option::Option::Some(__p)) => {
            DoorId::new_unchecked(
                ::core::primitive::i64::from(
                    ::ridl_rt::flatbuffers::read_u8(buf, __p).unwrap_or(0u8),
                ),
            )
        }
        _ => DoorId::new_unchecked(0i64),
    }
}
#[allow(deprecated)]
impl ::ridl_rt::payload::Payload<::ridl_rt::encoding::FlatBuffers> for DoorId {
    /// The largest FlatBuffers buffer any legal `DoorId` encodes to: 43 bytes.
    ///
    /// `ridl_ir::projection::flatbuffers::max_size` computed it,
    /// which is the one implementation of the bound (design note
    /// D-6): each table is charged its `soffset`, its inline
    /// fields, its vtable and one alignment event per slot; a
    /// string four bytes per declared character plus a
    /// terminator; a collection its declared maximum. It is a
    /// literal rather than an expression over the field types
    /// because that slack is not expressible in Rust's type
    /// system.
    const MAX_SIZE: ::core::primitive::usize = 43usize;
    type View<'a> = DoorIdFbView<'a>;
    fn encode<'o>(
        &self,
        out: &'o mut [::core::primitive::u8],
    ) -> ::core::result::Result<
        ::ridl_rt::payload::Encoded<'o, DoorIdFbView<'o>>,
        ::ridl_rt::payload::EncodeError,
    > {
        let mut builder = ::ridl_rt::flatbuffers::Builder::new(out);
        let __root = __ridl_fb_encode_DoorId(self, &mut builder)?;
        let bytes = builder.finish(__root, 8usize)?;
        let table = ::ridl_rt::flatbuffers::root(bytes).unwrap_or(0usize);
        ::core::result::Result::Ok(::ridl_rt::payload::Encoded {
            bytes,
            view: DoorIdFbView { buf: bytes, table },
        })
    }
    fn verify(
        buf: &[::core::primitive::u8],
    ) -> ::core::result::Result<DoorIdFbView<'_>, ::ridl_rt::payload::VerifyError> {
        if buf.len()
            > <Self as ::ridl_rt::payload::Payload<
                ::ridl_rt::encoding::FlatBuffers,
            >>::MAX_SIZE
        {
            return ::core::result::Result::Err(
                ::ridl_rt::payload::VerifyError::Structure(
                    ::ridl_rt::payload::Malformed::TooLarge,
                ),
            );
        }
        let table = ::ridl_rt::flatbuffers::root(buf)
            .map_err(::ridl_rt::payload::VerifyError::Structure)?;
        __ridl_fb_verify_DoorId(buf, table)?;
        ::core::result::Result::Ok(DoorIdFbView { buf, table })
    }
    fn decode(
        r: ::ridl_rt::payload::Ref<'_, Self, ::ridl_rt::encoding::FlatBuffers>,
    ) -> Self {
        let __view = r.view();
        __ridl_fb_decode_DoorId(__view.buf, __view.table)
    }
}
/// An accessor over FlatBuffers bytes `Percent`'s `verify` accepted.
///
/// The buffer's root is the box table ADR-0019 decision 8
/// gives this declaration: one non-optional `value` field. A
/// buffer carrying no slot for it holds the FlatBuffers
/// default, 0, when 0 is a legal value of this type, and is
/// `MissingRequired` when it is not.
#[derive(Debug, Clone, Copy, PartialEq, Eq)]
#[allow(deprecated)]
pub struct PercentFbView<'a> {
    pub(crate) buf: &'a [::core::primitive::u8],
    pub(crate) table: ::core::primitive::usize,
}
#[allow(deprecated)]
impl<'a> ::ridl_rt::payload::View<'a> for PercentFbView<'a> {
    fn bytes(&self) -> &'a [::core::primitive::u8] {
        self.buf
    }
}
#[allow(deprecated)]
impl<'a> PercentFbView<'a> {
    /// The value the box carries. `Percent` is one value, so this decodes it rather than borrowing it, which costs one read.
    pub fn value(&self) -> Percent {
        __ridl_fb_decode_Percent(self.buf, self.table)
    }
}
/// Writes `Percent` as its box table and returns its position (ADR-0019 decision 8).
#[allow(deprecated, non_snake_case)]
pub(crate) fn __ridl_fb_encode_Percent(
    value: &Percent,
    builder: &mut ::ridl_rt::flatbuffers::Builder<'_>,
) -> ::core::result::Result<
    ::ridl_rt::flatbuffers::Pos,
    ::ridl_rt::payload::EncodeError,
> {
    ::core::result::Result::Ok({
        let __box = [
            ::ridl_rt::flatbuffers::TableField {
                slot: 0u16,
                offset: 4u16,
                value: {
                    let __s = *value;
                    ::ridl_rt::flatbuffers::Field::F32(
                        __s.get() as ::core::primitive::f32,
                    )
                },
            },
        ];
        builder.push_table(8usize, 4usize, 1u16, &__box)?
    })
}
#[allow(deprecated, non_snake_case)]
pub(crate) fn __ridl_fb_verify_Percent(
    buf: &[::core::primitive::u8],
    table: ::core::primitive::usize,
) -> ::core::result::Result<(), ::ridl_rt::payload::VerifyError> {
    if let ::core::option::Option::Some(__p) = ::ridl_rt::flatbuffers::field(
            buf,
            table,
            0u16,
            4usize,
        )
        .map_err(::ridl_rt::payload::VerifyError::Structure)?
    {
        let __raw = ::ridl_rt::flatbuffers::read_f32(buf, __p)
            .map_err(::ridl_rt::payload::VerifyError::Structure)?;
        Percent::check(&(::core::primitive::f64::from(__raw)))
            .map_err(::ridl_rt::payload::VerifyError::Contract)?;
    }
    ::core::result::Result::Ok(())
}
#[allow(deprecated, non_snake_case)]
pub(crate) fn __ridl_fb_decode_Percent(
    buf: &[::core::primitive::u8],
    table: ::core::primitive::usize,
) -> Percent {
    match ::ridl_rt::flatbuffers::field(buf, table, 0u16, 4usize) {
        ::core::result::Result::Ok(::core::option::Option::Some(__p)) => {
            Percent::new_unchecked(
                ::core::primitive::f64::from(
                    ::ridl_rt::flatbuffers::read_f32(buf, __p).unwrap_or(0.0f32),
                ),
            )
        }
        _ => Percent::new_unchecked(0.0f64),
    }
}
#[allow(deprecated)]
impl ::ridl_rt::payload::Payload<::ridl_rt::encoding::FlatBuffers> for Percent {
    /// The largest FlatBuffers buffer any legal `Percent` encodes to: 46 bytes.
    ///
    /// `ridl_ir::projection::flatbuffers::max_size` computed it,
    /// which is the one implementation of the bound (design note
    /// D-6): each table is charged its `soffset`, its inline
    /// fields, its vtable and one alignment event per slot; a
    /// string four bytes per declared character plus a
    /// terminator; a collection its declared maximum. It is a
    /// literal rather than an expression over the field types
    /// because that slack is not expressible in Rust's type
    /// system.
    const MAX_SIZE: ::core::primitive::usize = 46usize;
    type View<'a> = PercentFbView<'a>;
    fn encode<'o>(
        &self,
        out: &'o mut [::core::primitive::u8],
    ) -> ::core::result::Result<
        ::ridl_rt::payload::Encoded<'o, PercentFbView<'o>>,
        ::ridl_rt::payload::EncodeError,
    > {
        let mut builder = ::ridl_rt::flatbuffers::Builder::new(out);
        let __root = __ridl_fb_encode_Percent(self, &mut builder)?;
        let bytes = builder.finish(__root, 8usize)?;
        let table = ::ridl_rt::flatbuffers::root(bytes).unwrap_or(0usize);
        ::core::result::Result::Ok(::ridl_rt::payload::Encoded {
            bytes,
            view: PercentFbView { buf: bytes, table },
        })
    }
    fn verify(
        buf: &[::core::primitive::u8],
    ) -> ::core::result::Result<PercentFbView<'_>, ::ridl_rt::payload::VerifyError> {
        if buf.len()
            > <Self as ::ridl_rt::payload::Payload<
                ::ridl_rt::encoding::FlatBuffers,
            >>::MAX_SIZE
        {
            return ::core::result::Result::Err(
                ::ridl_rt::payload::VerifyError::Structure(
                    ::ridl_rt::payload::Malformed::TooLarge,
                ),
            );
        }
        let table = ::ridl_rt::flatbuffers::root(buf)
            .map_err(::ridl_rt::payload::VerifyError::Structure)?;
        __ridl_fb_verify_Percent(buf, table)?;
        ::core::result::Result::Ok(PercentFbView { buf, table })
    }
    fn decode(
        r: ::ridl_rt::payload::Ref<'_, Self, ::ridl_rt::encoding::FlatBuffers>,
    ) -> Self {
        let __view = r.view();
        __ridl_fb_decode_Percent(__view.buf, __view.table)
    }
}
/// An accessor over FlatBuffers bytes `Odometer`'s `verify` accepted.
///
/// The buffer's root is the box table ADR-0019 decision 8
/// gives this declaration: one non-optional `value` field. A
/// buffer carrying no slot for it holds the FlatBuffers
/// default, 0, when 0 is a legal value of this type, and is
/// `MissingRequired` when it is not.
#[derive(Debug, Clone, Copy, PartialEq, Eq)]
#[allow(deprecated)]
pub struct OdometerFbView<'a> {
    pub(crate) buf: &'a [::core::primitive::u8],
    pub(crate) table: ::core::primitive::usize,
}
#[allow(deprecated)]
impl<'a> ::ridl_rt::payload::View<'a> for OdometerFbView<'a> {
    fn bytes(&self) -> &'a [::core::primitive::u8] {
        self.buf
    }
}
#[allow(deprecated)]
impl<'a> OdometerFbView<'a> {
    /// The value the box carries. `Odometer` is one value, so this decodes it rather than borrowing it, which costs one read.
    pub fn value(&self) -> Odometer {
        __ridl_fb_decode_Odometer(self.buf, self.table)
    }
}
/// Writes `Odometer` as its box table and returns its position (ADR-0019 decision 8).
#[allow(deprecated, non_snake_case)]
pub(crate) fn __ridl_fb_encode_Odometer(
    value: &Odometer,
    builder: &mut ::ridl_rt::flatbuffers::Builder<'_>,
) -> ::core::result::Result<
    ::ridl_rt::flatbuffers::Pos,
    ::ridl_rt::payload::EncodeError,
> {
    ::core::result::Result::Ok({
        let __box = [
            ::ridl_rt::flatbuffers::TableField {
                slot: 0u16,
                offset: 4u16,
                value: {
                    let __s = *value;
                    ::ridl_rt::flatbuffers::Field::U32(
                        __s.get() as ::core::primitive::u32,
                    )
                },
            },
        ];
        builder.push_table(8usize, 4usize, 1u16, &__box)?
    })
}
#[allow(deprecated, non_snake_case)]
pub(crate) fn __ridl_fb_verify_Odometer(
    buf: &[::core::primitive::u8],
    table: ::core::primitive::usize,
) -> ::core::result::Result<(), ::ridl_rt::payload::VerifyError> {
    if let ::core::option::Option::Some(__p) = ::ridl_rt::flatbuffers::field(
            buf,
            table,
            0u16,
            4usize,
        )
        .map_err(::ridl_rt::payload::VerifyError::Structure)?
    {
        let __raw = ::ridl_rt::flatbuffers::read_u32(buf, __p)
            .map_err(::ridl_rt::payload::VerifyError::Structure)?;
        Odometer::check(&(::core::primitive::i64::from(__raw)))
            .map_err(::ridl_rt::payload::VerifyError::Contract)?;
    }
    ::core::result::Result::Ok(())
}
#[allow(deprecated, non_snake_case)]
pub(crate) fn __ridl_fb_decode_Odometer(
    buf: &[::core::primitive::u8],
    table: ::core::primitive::usize,
) -> Odometer {
    match ::ridl_rt::flatbuffers::field(buf, table, 0u16, 4usize) {
        ::core::result::Result::Ok(::core::option::Option::Some(__p)) => {
            Odometer::new_unchecked(
                ::core::primitive::i64::from(
                    ::ridl_rt::flatbuffers::read_u32(buf, __p).unwrap_or(0u32),
                ),
            )
        }
        _ => Odometer::new_unchecked(0i64),
    }
}
#[allow(deprecated)]
impl ::ridl_rt::payload::Payload<::ridl_rt::encoding::FlatBuffers> for Odometer {
    /// The largest FlatBuffers buffer any legal `Odometer` encodes to: 46 bytes.
    ///
    /// `ridl_ir::projection::flatbuffers::max_size` computed it,
    /// which is the one implementation of the bound (design note
    /// D-6): each table is charged its `soffset`, its inline
    /// fields, its vtable and one alignment event per slot; a
    /// string four bytes per declared character plus a
    /// terminator; a collection its declared maximum. It is a
    /// literal rather than an expression over the field types
    /// because that slack is not expressible in Rust's type
    /// system.
    const MAX_SIZE: ::core::primitive::usize = 46usize;
    type View<'a> = OdometerFbView<'a>;
    fn encode<'o>(
        &self,
        out: &'o mut [::core::primitive::u8],
    ) -> ::core::result::Result<
        ::ridl_rt::payload::Encoded<'o, OdometerFbView<'o>>,
        ::ridl_rt::payload::EncodeError,
    > {
        let mut builder = ::ridl_rt::flatbuffers::Builder::new(out);
        let __root = __ridl_fb_encode_Odometer(self, &mut builder)?;
        let bytes = builder.finish(__root, 8usize)?;
        let table = ::ridl_rt::flatbuffers::root(bytes).unwrap_or(0usize);
        ::core::result::Result::Ok(::ridl_rt::payload::Encoded {
            bytes,
            view: OdometerFbView {
                buf: bytes,
                table,
            },
        })
    }
    fn verify(
        buf: &[::core::primitive::u8],
    ) -> ::core::result::Result<OdometerFbView<'_>, ::ridl_rt::payload::VerifyError> {
        if buf.len()
            > <Self as ::ridl_rt::payload::Payload<
                ::ridl_rt::encoding::FlatBuffers,
            >>::MAX_SIZE
        {
            return ::core::result::Result::Err(
                ::ridl_rt::payload::VerifyError::Structure(
                    ::ridl_rt::payload::Malformed::TooLarge,
                ),
            );
        }
        let table = ::ridl_rt::flatbuffers::root(buf)
            .map_err(::ridl_rt::payload::VerifyError::Structure)?;
        __ridl_fb_verify_Odometer(buf, table)?;
        ::core::result::Result::Ok(OdometerFbView { buf, table })
    }
    fn decode(
        r: ::ridl_rt::payload::Ref<'_, Self, ::ridl_rt::encoding::FlatBuffers>,
    ) -> Self {
        let __view = r.view();
        __ridl_fb_decode_Odometer(__view.buf, __view.table)
    }
}
/// An accessor over FlatBuffers bytes `LockState`'s `verify` accepted.
///
/// The buffer's root is the box table ADR-0019 decision 8
/// gives this declaration: one non-optional `value` field. A
/// buffer carrying no slot for it holds the FlatBuffers
/// default, 0, when 0 is a legal value of this type, and is
/// `MissingRequired` when it is not.
#[derive(Debug, Clone, Copy, PartialEq, Eq)]
#[allow(deprecated)]
pub struct LockStateFbView<'a> {
    pub(crate) buf: &'a [::core::primitive::u8],
    pub(crate) table: ::core::primitive::usize,
}
#[allow(deprecated)]
impl<'a> ::ridl_rt::payload::View<'a> for LockStateFbView<'a> {
    fn bytes(&self) -> &'a [::core::primitive::u8] {
        self.buf
    }
}
#[allow(deprecated)]
impl<'a> LockStateFbView<'a> {
    /// The value the box carries. `LockState` is one value, so this decodes it rather than borrowing it, which costs one read.
    pub fn value(&self) -> LockState {
        __ridl_fb_decode_LockState(self.buf, self.table)
    }
}
/// Writes `LockState` as its box table and returns its position (ADR-0019 decision 8).
#[allow(deprecated, non_snake_case)]
pub(crate) fn __ridl_fb_encode_LockState(
    value: &LockState,
    builder: &mut ::ridl_rt::flatbuffers::Builder<'_>,
) -> ::core::result::Result<
    ::ridl_rt::flatbuffers::Pos,
    ::ridl_rt::payload::EncodeError,
> {
    ::core::result::Result::Ok({
        let __box = [
            ::ridl_rt::flatbuffers::TableField {
                slot: 0u16,
                offset: 8u16,
                value: {
                    let __s = *value;
                    ::ridl_rt::flatbuffers::Field::I64(::core::primitive::i64::from(__s))
                },
            },
        ];
        builder.push_table(16usize, 8usize, 1u16, &__box)?
    })
}
#[allow(deprecated, non_snake_case)]
pub(crate) fn __ridl_fb_verify_LockState(
    buf: &[::core::primitive::u8],
    table: ::core::primitive::usize,
) -> ::core::result::Result<(), ::ridl_rt::payload::VerifyError> {
    if let ::core::option::Option::Some(__p) = ::ridl_rt::flatbuffers::field(
            buf,
            table,
            0u16,
            8usize,
        )
        .map_err(::ridl_rt::payload::VerifyError::Structure)?
    {
        let __raw = ::ridl_rt::flatbuffers::read_i64(buf, __p)
            .map_err(::ridl_rt::payload::VerifyError::Structure)?;
        <LockState as ::core::convert::TryFrom<::core::primitive::i64>>::try_from(__raw)
            .map_err(::ridl_rt::payload::VerifyError::Contract)?;
    }
    ::core::result::Result::Ok(())
}
#[allow(deprecated, non_snake_case)]
pub(crate) fn __ridl_fb_decode_LockState(
    buf: &[::core::primitive::u8],
    table: ::core::primitive::usize,
) -> LockState {
    match ::ridl_rt::flatbuffers::field(buf, table, 0u16, 8usize) {
        ::core::result::Result::Ok(::core::option::Option::Some(__p)) => {
            <LockState as ::core::convert::TryFrom<
                ::core::primitive::i64,
            >>::try_from(::ridl_rt::flatbuffers::read_i64(buf, __p).unwrap_or(0i64))
                .unwrap_or(LockState::Unlocked)
        }
        _ => LockState::Unlocked,
    }
}
#[allow(deprecated)]
impl ::ridl_rt::payload::Payload<::ridl_rt::encoding::FlatBuffers> for LockState {
    /// The largest FlatBuffers buffer any legal `LockState` encodes to: 50 bytes.
    ///
    /// `ridl_ir::projection::flatbuffers::max_size` computed it,
    /// which is the one implementation of the bound (design note
    /// D-6): each table is charged its `soffset`, its inline
    /// fields, its vtable and one alignment event per slot; a
    /// string four bytes per declared character plus a
    /// terminator; a collection its declared maximum. It is a
    /// literal rather than an expression over the field types
    /// because that slack is not expressible in Rust's type
    /// system.
    const MAX_SIZE: ::core::primitive::usize = 50usize;
    type View<'a> = LockStateFbView<'a>;
    fn encode<'o>(
        &self,
        out: &'o mut [::core::primitive::u8],
    ) -> ::core::result::Result<
        ::ridl_rt::payload::Encoded<'o, LockStateFbView<'o>>,
        ::ridl_rt::payload::EncodeError,
    > {
        let mut builder = ::ridl_rt::flatbuffers::Builder::new(out);
        let __root = __ridl_fb_encode_LockState(self, &mut builder)?;
        let bytes = builder.finish(__root, 8usize)?;
        let table = ::ridl_rt::flatbuffers::root(bytes).unwrap_or(0usize);
        ::core::result::Result::Ok(::ridl_rt::payload::Encoded {
            bytes,
            view: LockStateFbView {
                buf: bytes,
                table,
            },
        })
    }
    fn verify(
        buf: &[::core::primitive::u8],
    ) -> ::core::result::Result<LockStateFbView<'_>, ::ridl_rt::payload::VerifyError> {
        if buf.len()
            > <Self as ::ridl_rt::payload::Payload<
                ::ridl_rt::encoding::FlatBuffers,
            >>::MAX_SIZE
        {
            return ::core::result::Result::Err(
                ::ridl_rt::payload::VerifyError::Structure(
                    ::ridl_rt::payload::Malformed::TooLarge,
                ),
            );
        }
        let table = ::ridl_rt::flatbuffers::root(buf)
            .map_err(::ridl_rt::payload::VerifyError::Structure)?;
        __ridl_fb_verify_LockState(buf, table)?;
        ::core::result::Result::Ok(LockStateFbView { buf, table })
    }
    fn decode(
        r: ::ridl_rt::payload::Ref<'_, Self, ::ridl_rt::encoding::FlatBuffers>,
    ) -> Self {
        let __view = r.view();
        __ridl_fb_decode_LockState(__view.buf, __view.table)
    }
}
/// A zero-copy accessor over FlatBuffers bytes `DoorReport`'s `verify` accepted.
///
/// A scalar, a string, a byte sequence and a nested table are
/// read in place and allocate nothing. A union and a collection
/// are decoded on access instead: a union's arms and a
/// collection's elements have no one view type to hand back.
#[derive(Debug, Clone, Copy, PartialEq, Eq)]
#[allow(deprecated)]
pub struct DoorReportFbView<'a> {
    pub(crate) buf: &'a [::core::primitive::u8],
    pub(crate) table: ::core::primitive::usize,
}
#[allow(deprecated)]
impl<'a> ::ridl_rt::payload::View<'a> for DoorReportFbView<'a> {
    fn bytes(&self) -> &'a [::core::primitive::u8] {
        self.buf
    }
}
#[allow(deprecated)]
impl<'a> DoorReportFbView<'a> {
    /// Reads `DoorReport`'s `door` field in place.
    pub fn door(&self) -> DoorId {
        match ::ridl_rt::flatbuffers::field(self.buf, self.table, 0u16, 1usize) {
            ::core::result::Result::Ok(::core::option::Option::Some(__p)) => {
                DoorId::new_unchecked(
                    ::core::primitive::i64::from(
                        ::ridl_rt::flatbuffers::read_u8(self.buf, __p).unwrap_or(0u8),
                    ),
                )
            }
            _ => DoorId::new_unchecked(0i64),
        }
    }
    /// Reads `DoorReport`'s `locked` field in place.
    pub fn locked(&self) -> LockState {
        match ::ridl_rt::flatbuffers::field(self.buf, self.table, 1u16, 8usize) {
            ::core::result::Result::Ok(::core::option::Option::Some(__p)) => {
                <LockState as ::core::convert::TryFrom<
                    ::core::primitive::i64,
                >>::try_from(
                        ::ridl_rt::flatbuffers::read_i64(self.buf, __p).unwrap_or(0i64),
                    )
                    .unwrap_or(LockState::Unlocked)
            }
            _ => LockState::Unlocked,
        }
    }
}
/// Writes `DoorReport` as a FlatBuffers table and returns its position.
#[allow(deprecated, non_snake_case)]
pub(crate) fn __ridl_fb_encode_DoorReport(
    value: &DoorReport,
    builder: &mut ::ridl_rt::flatbuffers::Builder<'_>,
) -> ::core::result::Result<
    ::ridl_rt::flatbuffers::Pos,
    ::ridl_rt::payload::EncodeError,
> {
    let mut __fields = [::ridl_rt::flatbuffers::TableField {
        slot: 0u16,
        offset: 4u16,
        value: ::ridl_rt::flatbuffers::Field::Bool(false),
    }; 2usize];
    let mut __n = 0usize;
    __fields[__n] = ::ridl_rt::flatbuffers::TableField {
        slot: 0u16,
        offset: 4u16,
        value: {
            let __s = value.door;
            ::ridl_rt::flatbuffers::Field::U8(__s.get() as ::core::primitive::u8)
        },
    };
    __n += 1;
    __fields[__n] = ::ridl_rt::flatbuffers::TableField {
        slot: 1u16,
        offset: 8u16,
        value: {
            let __s = value.locked;
            ::ridl_rt::flatbuffers::Field::I64(::core::primitive::i64::from(__s))
        },
    };
    __n += 1;
    builder.push_table(16usize, 8usize, 2u16, &__fields[..__n])
}
/// Checks the FlatBuffers table at `table` against `DoorReport`'s shape.
///
/// Checks the structure, enum discriminants, collection bounds,
/// map key uniqueness, and named and anonymous scalar ranges,
/// steps and lengths. Pattern checks require `validate-pattern`.
#[allow(deprecated, non_snake_case)]
pub(crate) fn __ridl_fb_verify_DoorReport(
    buf: &[::core::primitive::u8],
    table: ::core::primitive::usize,
) -> ::core::result::Result<(), ::ridl_rt::payload::VerifyError> {
    if let ::core::option::Option::Some(__p) = ::ridl_rt::flatbuffers::field(
            buf,
            table,
            0u16,
            1usize,
        )
        .map_err(::ridl_rt::payload::VerifyError::Structure)?
    {
        let __raw = ::ridl_rt::flatbuffers::read_u8(buf, __p)
            .map_err(::ridl_rt::payload::VerifyError::Structure)?;
        DoorId::check(&(::core::primitive::i64::from(__raw)))
            .map_err(::ridl_rt::payload::VerifyError::Contract)?;
    }
    if let ::core::option::Option::Some(__p) = ::ridl_rt::flatbuffers::field(
            buf,
            table,
            1u16,
            8usize,
        )
        .map_err(::ridl_rt::payload::VerifyError::Structure)?
    {
        let __raw = ::ridl_rt::flatbuffers::read_i64(buf, __p)
            .map_err(::ridl_rt::payload::VerifyError::Structure)?;
        <LockState as ::core::convert::TryFrom<::core::primitive::i64>>::try_from(__raw)
            .map_err(::ridl_rt::payload::VerifyError::Contract)?;
    }
    ::core::result::Result::Ok(())
}
/// Builds `DoorReport` from the FlatBuffers table at `table`.
///
/// It cannot fail. An absent non-optional scalar or enum field
/// reads as its FlatBuffers default — 0, or the enum's zero
/// member — which is a value `verify` accepted
/// (driftsys/ridl#472). Any other read that could fail is
/// discharged with the neutral value of its own type — zero, the
/// empty string or collection, the first declared enum variant —
/// and `verify` is what makes those branches unreachable. A named scalar is
/// built with its unchecked constructor (`new_unchecked`) over a
/// value `verify` has already range-checked (`check`), so this
/// never re-checks and never fails.
#[allow(deprecated, non_snake_case)]
pub(crate) fn __ridl_fb_decode_DoorReport(
    buf: &[::core::primitive::u8],
    table: ::core::primitive::usize,
) -> DoorReport {
    DoorReport {
        door: match ::ridl_rt::flatbuffers::field(buf, table, 0u16, 1usize) {
            ::core::result::Result::Ok(::core::option::Option::Some(__p)) => {
                DoorId::new_unchecked(
                    ::core::primitive::i64::from(
                        ::ridl_rt::flatbuffers::read_u8(buf, __p).unwrap_or(0u8),
                    ),
                )
            }
            _ => DoorId::new_unchecked(0i64),
        },
        locked: match ::ridl_rt::flatbuffers::field(buf, table, 1u16, 8usize) {
            ::core::result::Result::Ok(::core::option::Option::Some(__p)) => {
                <LockState as ::core::convert::TryFrom<
                    ::core::primitive::i64,
                >>::try_from(::ridl_rt::flatbuffers::read_i64(buf, __p).unwrap_or(0i64))
                    .unwrap_or(LockState::Unlocked)
            }
            _ => LockState::Unlocked,
        },
    }
}
#[allow(deprecated)]
impl ::ridl_rt::payload::Payload<::ridl_rt::encoding::FlatBuffers> for DoorReport {
    /// The largest FlatBuffers buffer any legal `DoorReport` encodes to: 60 bytes.
    ///
    /// `ridl_ir::projection::flatbuffers::max_size` computed it,
    /// which is the one implementation of the bound (design note
    /// D-6): each table is charged its `soffset`, its inline
    /// fields, its vtable and one alignment event per slot; a
    /// string four bytes per declared character plus a
    /// terminator; a collection its declared maximum. It is a
    /// literal rather than an expression over the field types
    /// because that slack is not expressible in Rust's type
    /// system.
    const MAX_SIZE: ::core::primitive::usize = 60usize;
    type View<'a> = DoorReportFbView<'a>;
    fn encode<'o>(
        &self,
        out: &'o mut [::core::primitive::u8],
    ) -> ::core::result::Result<
        ::ridl_rt::payload::Encoded<'o, DoorReportFbView<'o>>,
        ::ridl_rt::payload::EncodeError,
    > {
        let mut builder = ::ridl_rt::flatbuffers::Builder::new(out);
        let __root = __ridl_fb_encode_DoorReport(self, &mut builder)?;
        let bytes = builder.finish(__root, 8usize)?;
        let table = ::ridl_rt::flatbuffers::root(bytes).unwrap_or(0usize);
        ::core::result::Result::Ok(::ridl_rt::payload::Encoded {
            bytes,
            view: DoorReportFbView {
                buf: bytes,
                table,
            },
        })
    }
    fn verify(
        buf: &[::core::primitive::u8],
    ) -> ::core::result::Result<DoorReportFbView<'_>, ::ridl_rt::payload::VerifyError> {
        if buf.len()
            > <Self as ::ridl_rt::payload::Payload<
                ::ridl_rt::encoding::FlatBuffers,
            >>::MAX_SIZE
        {
            return ::core::result::Result::Err(
                ::ridl_rt::payload::VerifyError::Structure(
                    ::ridl_rt::payload::Malformed::TooLarge,
                ),
            );
        }
        let table = ::ridl_rt::flatbuffers::root(buf)
            .map_err(::ridl_rt::payload::VerifyError::Structure)?;
        __ridl_fb_verify_DoorReport(buf, table)?;
        ::core::result::Result::Ok(DoorReportFbView { buf, table })
    }
    fn decode(
        r: ::ridl_rt::payload::Ref<'_, Self, ::ridl_rt::encoding::FlatBuffers>,
    ) -> Self {
        let __view = r.view();
        __ridl_fb_decode_DoorReport(__view.buf, __view.table)
    }
}
/// An accessor over FlatBuffers bytes `DoorFault`'s `verify` accepted.
///
/// The buffer's root is the box table ADR-0019 decision 8
/// gives this declaration: one non-optional `value` field. A
/// buffer carrying no slot for it holds the FlatBuffers
/// default, 0, when 0 is a legal value of this type, and is
/// `MissingRequired` when it is not.
#[derive(Debug, Clone, Copy, PartialEq, Eq)]
#[allow(deprecated)]
pub struct DoorFaultFbView<'a> {
    pub(crate) buf: &'a [::core::primitive::u8],
    pub(crate) table: ::core::primitive::usize,
}
#[allow(deprecated)]
impl<'a> ::ridl_rt::payload::View<'a> for DoorFaultFbView<'a> {
    fn bytes(&self) -> &'a [::core::primitive::u8] {
        self.buf
    }
}
#[allow(deprecated)]
impl<'a> DoorFaultFbView<'a> {
    /// The value the box carries. `DoorFault` is one value, so this decodes it rather than borrowing it, which costs one read.
    pub fn value(&self) -> DoorFault {
        __ridl_fb_decode_DoorFault(self.buf, self.table)
    }
}
/// Writes `DoorFault` as its box table and returns its position (ADR-0019 decision 8).
#[allow(deprecated, non_snake_case)]
pub(crate) fn __ridl_fb_encode_DoorFault(
    value: &DoorFault,
    builder: &mut ::ridl_rt::flatbuffers::Builder<'_>,
) -> ::core::result::Result<
    ::ridl_rt::flatbuffers::Pos,
    ::ridl_rt::payload::EncodeError,
> {
    ::core::result::Result::Ok({
        let __box = [
            ::ridl_rt::flatbuffers::TableField {
                slot: 0u16,
                offset: 8u16,
                value: {
                    let __s = *value;
                    ::ridl_rt::flatbuffers::Field::I64(::core::primitive::i64::from(__s))
                },
            },
        ];
        builder.push_table(16usize, 8usize, 1u16, &__box)?
    })
}
#[allow(deprecated, non_snake_case)]
pub(crate) fn __ridl_fb_verify_DoorFault(
    buf: &[::core::primitive::u8],
    table: ::core::primitive::usize,
) -> ::core::result::Result<(), ::ridl_rt::payload::VerifyError> {
    if let ::core::option::Option::Some(__p) = ::ridl_rt::flatbuffers::field(
            buf,
            table,
            0u16,
            8usize,
        )
        .map_err(::ridl_rt::payload::VerifyError::Structure)?
    {
        let __raw = ::ridl_rt::flatbuffers::read_i64(buf, __p)
            .map_err(::ridl_rt::payload::VerifyError::Structure)?;
        <DoorFault as ::core::convert::TryFrom<::core::primitive::i64>>::try_from(__raw)
            .map_err(::ridl_rt::payload::VerifyError::Contract)?;
    }
    ::core::result::Result::Ok(())
}
#[allow(deprecated, non_snake_case)]
pub(crate) fn __ridl_fb_decode_DoorFault(
    buf: &[::core::primitive::u8],
    table: ::core::primitive::usize,
) -> DoorFault {
    match ::ridl_rt::flatbuffers::field(buf, table, 0u16, 8usize) {
        ::core::result::Result::Ok(::core::option::Option::Some(__p)) => {
            <DoorFault as ::core::convert::TryFrom<
                ::core::primitive::i64,
            >>::try_from(::ridl_rt::flatbuffers::read_i64(buf, __p).unwrap_or(0i64))
                .unwrap_or(DoorFault::Jammed)
        }
        _ => DoorFault::Jammed,
    }
}
#[allow(deprecated)]
impl ::ridl_rt::payload::Payload<::ridl_rt::encoding::FlatBuffers> for DoorFault {
    /// The largest FlatBuffers buffer any legal `DoorFault` encodes to: 50 bytes.
    ///
    /// `ridl_ir::projection::flatbuffers::max_size` computed it,
    /// which is the one implementation of the bound (design note
    /// D-6): each table is charged its `soffset`, its inline
    /// fields, its vtable and one alignment event per slot; a
    /// string four bytes per declared character plus a
    /// terminator; a collection its declared maximum. It is a
    /// literal rather than an expression over the field types
    /// because that slack is not expressible in Rust's type
    /// system.
    const MAX_SIZE: ::core::primitive::usize = 50usize;
    type View<'a> = DoorFaultFbView<'a>;
    fn encode<'o>(
        &self,
        out: &'o mut [::core::primitive::u8],
    ) -> ::core::result::Result<
        ::ridl_rt::payload::Encoded<'o, DoorFaultFbView<'o>>,
        ::ridl_rt::payload::EncodeError,
    > {
        let mut builder = ::ridl_rt::flatbuffers::Builder::new(out);
        let __root = __ridl_fb_encode_DoorFault(self, &mut builder)?;
        let bytes = builder.finish(__root, 8usize)?;
        let table = ::ridl_rt::flatbuffers::root(bytes).unwrap_or(0usize);
        ::core::result::Result::Ok(::ridl_rt::payload::Encoded {
            bytes,
            view: DoorFaultFbView {
                buf: bytes,
                table,
            },
        })
    }
    fn verify(
        buf: &[::core::primitive::u8],
    ) -> ::core::result::Result<DoorFaultFbView<'_>, ::ridl_rt::payload::VerifyError> {
        if buf.len()
            > <Self as ::ridl_rt::payload::Payload<
                ::ridl_rt::encoding::FlatBuffers,
            >>::MAX_SIZE
        {
            return ::core::result::Result::Err(
                ::ridl_rt::payload::VerifyError::Structure(
                    ::ridl_rt::payload::Malformed::TooLarge,
                ),
            );
        }
        let table = ::ridl_rt::flatbuffers::root(buf)
            .map_err(::ridl_rt::payload::VerifyError::Structure)?;
        __ridl_fb_verify_DoorFault(buf, table)?;
        ::core::result::Result::Ok(DoorFaultFbView { buf, table })
    }
    fn decode(
        r: ::ridl_rt::payload::Ref<'_, Self, ::ridl_rt::encoding::FlatBuffers>,
    ) -> Self {
        let __view = r.view();
        __ridl_fb_decode_DoorFault(__view.buf, __view.table)
    }
}


// ===== package fleet.legacy =====
/// The M1 fleet's door failure set, kept for contracts still on the old wire.
#[derive(Debug, Clone, Copy, PartialEq, Eq, Hash)]
#[repr(i64)]
pub enum DoorFault {
    Stuck = 0,
    NoPower = 1,
}
impl ::core::convert::TryFrom<::core::primitive::i64> for DoorFault {
    type Error = ::ridl_rt::payload::Violation;
    fn try_from(
        value: ::core::primitive::i64,
    ) -> ::core::result::Result<Self, ::ridl_rt::payload::Violation> {
        match value {
            0 => ::core::result::Result::Ok(Self::Stuck),
            1 => ::core::result::Result::Ok(Self::NoPower),
            _ => {
                ::core::result::Result::Err(::ridl_rt::payload::Violation {
                    type_name: "DoorFault",
                    rule: ::ridl_rt::payload::Rule::Variant,
                })
            }
        }
    }
}
impl ::core::convert::From<DoorFault> for ::core::primitive::i64 {
    fn from(value: DoorFault) -> Self {
        value as ::core::primitive::i64
    }
}
impl ::core::default::Default for DoorFault {
    fn default() -> Self {
        DoorFault::Stuck
    }
}
/// An accessor over FlatBuffers bytes `DoorFault`'s `verify` accepted.
///
/// The buffer's root is the box table ADR-0019 decision 8
/// gives this declaration: one non-optional `value` field. A
/// buffer carrying no slot for it holds the FlatBuffers
/// default, 0, when 0 is a legal value of this type, and is
/// `MissingRequired` when it is not.
#[derive(Debug, Clone, Copy, PartialEq, Eq)]
#[allow(deprecated)]
pub struct DoorFaultFbView<'a> {
    pub(crate) buf: &'a [::core::primitive::u8],
    pub(crate) table: ::core::primitive::usize,
}
#[allow(deprecated)]
impl<'a> ::ridl_rt::payload::View<'a> for DoorFaultFbView<'a> {
    fn bytes(&self) -> &'a [::core::primitive::u8] {
        self.buf
    }
}
#[allow(deprecated)]
impl<'a> DoorFaultFbView<'a> {
    /// The value the box carries. `DoorFault` is one value, so this decodes it rather than borrowing it, which costs one read.
    pub fn value(&self) -> DoorFault {
        __ridl_fb_decode_DoorFault(self.buf, self.table)
    }
}
/// Writes `DoorFault` as its box table and returns its position (ADR-0019 decision 8).
#[allow(deprecated, non_snake_case)]
pub(crate) fn __ridl_fb_encode_DoorFault(
    value: &DoorFault,
    builder: &mut ::ridl_rt::flatbuffers::Builder<'_>,
) -> ::core::result::Result<
    ::ridl_rt::flatbuffers::Pos,
    ::ridl_rt::payload::EncodeError,
> {
    ::core::result::Result::Ok({
        let __box = [
            ::ridl_rt::flatbuffers::TableField {
                slot: 0u16,
                offset: 8u16,
                value: {
                    let __s = *value;
                    ::ridl_rt::flatbuffers::Field::I64(::core::primitive::i64::from(__s))
                },
            },
        ];
        builder.push_table(16usize, 8usize, 1u16, &__box)?
    })
}
#[allow(deprecated, non_snake_case)]
pub(crate) fn __ridl_fb_verify_DoorFault(
    buf: &[::core::primitive::u8],
    table: ::core::primitive::usize,
) -> ::core::result::Result<(), ::ridl_rt::payload::VerifyError> {
    if let ::core::option::Option::Some(__p) = ::ridl_rt::flatbuffers::field(
            buf,
            table,
            0u16,
            8usize,
        )
        .map_err(::ridl_rt::payload::VerifyError::Structure)?
    {
        let __raw = ::ridl_rt::flatbuffers::read_i64(buf, __p)
            .map_err(::ridl_rt::payload::VerifyError::Structure)?;
        <DoorFault as ::core::convert::TryFrom<::core::primitive::i64>>::try_from(__raw)
            .map_err(::ridl_rt::payload::VerifyError::Contract)?;
    }
    ::core::result::Result::Ok(())
}
#[allow(deprecated, non_snake_case)]
pub(crate) fn __ridl_fb_decode_DoorFault(
    buf: &[::core::primitive::u8],
    table: ::core::primitive::usize,
) -> DoorFault {
    match ::ridl_rt::flatbuffers::field(buf, table, 0u16, 8usize) {
        ::core::result::Result::Ok(::core::option::Option::Some(__p)) => {
            <DoorFault as ::core::convert::TryFrom<
                ::core::primitive::i64,
            >>::try_from(::ridl_rt::flatbuffers::read_i64(buf, __p).unwrap_or(0i64))
                .unwrap_or(DoorFault::Stuck)
        }
        _ => DoorFault::Stuck,
    }
}
#[allow(deprecated)]
impl ::ridl_rt::payload::Payload<::ridl_rt::encoding::FlatBuffers> for DoorFault {
    /// The largest FlatBuffers buffer any legal `DoorFault` encodes to: 50 bytes.
    ///
    /// `ridl_ir::projection::flatbuffers::max_size` computed it,
    /// which is the one implementation of the bound (design note
    /// D-6): each table is charged its `soffset`, its inline
    /// fields, its vtable and one alignment event per slot; a
    /// string four bytes per declared character plus a
    /// terminator; a collection its declared maximum. It is a
    /// literal rather than an expression over the field types
    /// because that slack is not expressible in Rust's type
    /// system.
    const MAX_SIZE: ::core::primitive::usize = 50usize;
    type View<'a> = DoorFaultFbView<'a>;
    fn encode<'o>(
        &self,
        out: &'o mut [::core::primitive::u8],
    ) -> ::core::result::Result<
        ::ridl_rt::payload::Encoded<'o, DoorFaultFbView<'o>>,
        ::ridl_rt::payload::EncodeError,
    > {
        let mut builder = ::ridl_rt::flatbuffers::Builder::new(out);
        let __root = __ridl_fb_encode_DoorFault(self, &mut builder)?;
        let bytes = builder.finish(__root, 8usize)?;
        let table = ::ridl_rt::flatbuffers::root(bytes).unwrap_or(0usize);
        ::core::result::Result::Ok(::ridl_rt::payload::Encoded {
            bytes,
            view: DoorFaultFbView {
                buf: bytes,
                table,
            },
        })
    }
    fn verify(
        buf: &[::core::primitive::u8],
    ) -> ::core::result::Result<DoorFaultFbView<'_>, ::ridl_rt::payload::VerifyError> {
        if buf.len()
            > <Self as ::ridl_rt::payload::Payload<
                ::ridl_rt::encoding::FlatBuffers,
            >>::MAX_SIZE
        {
            return ::core::result::Result::Err(
                ::ridl_rt::payload::VerifyError::Structure(
                    ::ridl_rt::payload::Malformed::TooLarge,
                ),
            );
        }
        let table = ::ridl_rt::flatbuffers::root(buf)
            .map_err(::ridl_rt::payload::VerifyError::Structure)?;
        __ridl_fb_verify_DoorFault(buf, table)?;
        ::core::result::Result::Ok(DoorFaultFbView { buf, table })
    }
    fn decode(
        r: ::ridl_rt::payload::Ref<'_, Self, ::ridl_rt::encoding::FlatBuffers>,
    ) -> Self {
        let __view = r.view();
        __ridl_fb_decode_DoorFault(__view.buf, __view.table)
    }
}


// ===== package fleet.vehicle =====
