---
source: crates/ridlc/tests/corpus.rs
expression: compiled.rust
input_file: crates/ridlc/tests/corpus/services-workspace/ridl.toml
---
// ===== package fleet.contracts =====
#[derive(Debug, Clone, Copy, PartialEq, Eq, Hash, PartialOrd, Ord)]
#[repr(transparent)]
pub struct DoorId(i64);
impl DoorId {
    /// Constructs the value, enforcing its typl constraints.
    pub fn new(
        value: i64,
    ) -> ::core::result::Result<Self, ::ridl_rt::payload::Violation> {
        Self::check(&value)?;
        ::core::result::Result::Ok(Self::new_unchecked(value))
    }
    /// Checks `value` against this type's typl constraints, without
    /// constructing it. Not `pub`: every caller outside `new` is a
    /// function generated into this same module, which can see a
    /// private item here the way any other item of the module can.
    /// `new` is the composition of this and `new_unchecked`.
    fn check(value: &i64) -> ::core::result::Result<(), ::ridl_rt::payload::Violation> {
        let value = *value;
        if value < 0 {
            return ::core::result::Result::Err(::ridl_rt::payload::Violation {
                type_name: "DoorId",
                rule: ::ridl_rt::payload::Rule::Range,
            });
        }
        if value > 7 {
            return ::core::result::Result::Err(::ridl_rt::payload::Violation {
                type_name: "DoorId",
                rule: ::ridl_rt::payload::Rule::Range,
            });
        }
        ::core::result::Result::Ok(())
    }
    /// Constructs the value without checking its constraints.
    ///
    /// Safe: nothing here relies on the invariant for memory
    /// soundness. Use it only for a value already known to satisfy
    /// the contract.
    pub const fn new_unchecked(value: i64) -> Self {
        Self(value)
    }
    pub const fn get(self) -> i64 {
        self.0
    }
}
impl ::core::convert::TryFrom<i64> for DoorId {
    type Error = ::ridl_rt::payload::Violation;
    fn try_from(value: i64) -> ::core::result::Result<Self, Self::Error> {
        Self::new(value)
    }
}
impl ::core::convert::From<DoorId> for i64 {
    fn from(value: DoorId) -> Self {
        value.0
    }
}
impl Default for DoorId {
    fn default() -> Self {
        DoorId::new_unchecked(0)
    }
}
/// Quantization (`step`) is not checked by `new`.
#[derive(Debug, Clone, Copy, PartialEq, PartialOrd)]
#[repr(transparent)]
pub struct Percent(f64);
impl Percent {
    /// Constructs the value, enforcing its typl constraints.
    pub fn new(
        value: f64,
    ) -> ::core::result::Result<Self, ::ridl_rt::payload::Violation> {
        Self::check(&value)?;
        ::core::result::Result::Ok(Self::new_unchecked(value))
    }
    /// Checks `value` against this type's typl constraints, without
    /// constructing it. Not `pub`: every caller outside `new` is a
    /// function generated into this same module, which can see a
    /// private item here the way any other item of the module can.
    /// `new` is the composition of this and `new_unchecked`.
    fn check(value: &f64) -> ::core::result::Result<(), ::ridl_rt::payload::Violation> {
        let value = *value;
        if value < 0.0 {
            return ::core::result::Result::Err(::ridl_rt::payload::Violation {
                type_name: "Percent",
                rule: ::ridl_rt::payload::Rule::Range,
            });
        }
        if value > 100.0 {
            return ::core::result::Result::Err(::ridl_rt::payload::Violation {
                type_name: "Percent",
                rule: ::ridl_rt::payload::Rule::Range,
            });
        }
        ::core::result::Result::Ok(())
    }
    /// Constructs the value without checking its constraints.
    ///
    /// Safe: nothing here relies on the invariant for memory
    /// soundness. Use it only for a value already known to satisfy
    /// the contract.
    pub const fn new_unchecked(value: f64) -> Self {
        Self(value)
    }
    pub const fn get(self) -> f64 {
        self.0
    }
}
impl ::core::convert::TryFrom<f64> for Percent {
    type Error = ::ridl_rt::payload::Violation;
    fn try_from(value: f64) -> ::core::result::Result<Self, Self::Error> {
        Self::new(value)
    }
}
impl ::core::convert::From<Percent> for f64 {
    fn from(value: Percent) -> Self {
        value.0
    }
}
impl Default for Percent {
    fn default() -> Self {
        Percent::new_unchecked(0.0)
    }
}
#[derive(Debug, Clone, Copy, PartialEq, Eq, Hash, PartialOrd, Ord)]
#[repr(transparent)]
pub struct Odometer(i64);
impl Odometer {
    /// Constructs the value, enforcing its typl constraints.
    pub fn new(
        value: i64,
    ) -> ::core::result::Result<Self, ::ridl_rt::payload::Violation> {
        Self::check(&value)?;
        ::core::result::Result::Ok(Self::new_unchecked(value))
    }
    /// Checks `value` against this type's typl constraints, without
    /// constructing it. Not `pub`: every caller outside `new` is a
    /// function generated into this same module, which can see a
    /// private item here the way any other item of the module can.
    /// `new` is the composition of this and `new_unchecked`.
    fn check(value: &i64) -> ::core::result::Result<(), ::ridl_rt::payload::Violation> {
        let value = *value;
        if value < 0 {
            return ::core::result::Result::Err(::ridl_rt::payload::Violation {
                type_name: "Odometer",
                rule: ::ridl_rt::payload::Rule::Range,
            });
        }
        if value > 4294967295 {
            return ::core::result::Result::Err(::ridl_rt::payload::Violation {
                type_name: "Odometer",
                rule: ::ridl_rt::payload::Rule::Range,
            });
        }
        ::core::result::Result::Ok(())
    }
    /// Constructs the value without checking its constraints.
    ///
    /// Safe: nothing here relies on the invariant for memory
    /// soundness. Use it only for a value already known to satisfy
    /// the contract.
    pub const fn new_unchecked(value: i64) -> Self {
        Self(value)
    }
    pub const fn get(self) -> i64 {
        self.0
    }
}
impl ::core::convert::TryFrom<i64> for Odometer {
    type Error = ::ridl_rt::payload::Violation;
    fn try_from(value: i64) -> ::core::result::Result<Self, Self::Error> {
        Self::new(value)
    }
}
impl ::core::convert::From<Odometer> for i64 {
    fn from(value: Odometer) -> Self {
        value.0
    }
}
impl Default for Odometer {
    fn default() -> Self {
        Odometer::new_unchecked(0)
    }
}
#[derive(Debug, Clone, Copy, PartialEq, Eq, Hash)]
#[repr(i64)]
pub enum LockState {
    UNLOCKED = 0,
    LOCKED = 1,
}
impl ::core::convert::TryFrom<i64> for LockState {
    type Error = ::ridl_rt::payload::Violation;
    fn try_from(value: i64) -> ::core::result::Result<Self, Self::Error> {
        match value {
            0 => ::core::result::Result::Ok(Self::UNLOCKED),
            1 => ::core::result::Result::Ok(Self::LOCKED),
            _ => {
                ::core::result::Result::Err(::ridl_rt::payload::Violation {
                    type_name: "LockState",
                    rule: ::ridl_rt::payload::Rule::Variant,
                })
            }
        }
    }
}
impl ::core::convert::From<LockState> for i64 {
    fn from(value: LockState) -> Self {
        value as i64
    }
}
impl Default for LockState {
    fn default() -> Self {
        LockState::UNLOCKED
    }
}
#[derive(Debug, Clone, Copy, PartialEq, Eq, Hash)]
#[repr(C)]
pub struct DoorReport {
    pub door: DoorId,
    pub locked: LockState,
}
impl Default for DoorReport {
    fn default() -> Self {
        DoorReport {
            door: DoorId::default(),
            locked: LockState::default(),
        }
    }
}
#[derive(Debug, Clone, Copy, PartialEq, Eq, Hash)]
#[repr(i64)]
pub enum DoorFault {
    JAMMED = 0,
    UNPOWERED = 1,
}
impl ::core::convert::TryFrom<i64> for DoorFault {
    type Error = ::ridl_rt::payload::Violation;
    fn try_from(value: i64) -> ::core::result::Result<Self, Self::Error> {
        match value {
            0 => ::core::result::Result::Ok(Self::JAMMED),
            1 => ::core::result::Result::Ok(Self::UNPOWERED),
            _ => {
                ::core::result::Result::Err(::ridl_rt::payload::Violation {
                    type_name: "DoorFault",
                    rule: ::ridl_rt::payload::Rule::Variant,
                })
            }
        }
    }
}
impl ::core::convert::From<DoorFault> for i64 {
    fn from(value: DoorFault) -> Self {
        value as i64
    }
}
impl Default for DoorFault {
    fn default() -> Self {
        DoorFault::JAMMED
    }
}
/// An accessor over FlatBuffers bytes `DoorId`'s `verify` accepted.
///
/// The buffer's root is the box table ADR-0019 decision 8
/// gives this declaration: one required `value` field. A
/// buffer carrying no slot for it is `MissingRequired`.
#[derive(Debug, Clone, Copy, PartialEq, Eq)]
#[allow(deprecated)]
pub struct DoorIdFbView<'a> {
    buf: &'a [u8],
    table: usize,
}
#[allow(deprecated)]
impl<'a> DoorIdFbView<'a> {
    /// The verified bytes this view reads.
    pub fn bytes(&self) -> &'a [u8] {
        self.buf
    }
    /// The value the box carries. `DoorId` is one value, so this decodes it rather than borrowing it, which costs one read.
    pub fn value(&self) -> DoorId {
        __ridl_fb_decode_door_id(self.buf, self.table)
    }
}
/// Writes `DoorId` as its box table and returns its position (ADR-0019 decision 8).
#[allow(deprecated)]
fn __ridl_fb_encode_door_id(
    value: &DoorId,
    builder: &mut ::ridl_rt::flatbuffers::Builder<'_>,
) -> ::core::result::Result<
    ::ridl_rt::flatbuffers::Pos,
    ::ridl_rt::payload::EncodeError,
> {
    ::core::result::Result::Ok({
        let __box = [
            ::ridl_rt::flatbuffers::TableField {
                slot: 0u16,
                offset: 4u16,
                value: {
                    let __s = *value;
                    ::ridl_rt::flatbuffers::Field::U8(__s.get() as u8)
                },
            },
        ];
        builder.push_table(5usize, 4usize, 1u16, &__box)?
    })
}
#[allow(deprecated)]
fn __ridl_fb_verify_door_id(
    buf: &[u8],
    table: usize,
) -> ::core::result::Result<(), ::ridl_rt::payload::VerifyError> {
    match ::ridl_rt::flatbuffers::field(buf, table, 0u16, 1usize)
        .map_err(::ridl_rt::payload::VerifyError::Structure)?
    {
        ::core::option::Option::Some(__p) => {
            let __raw = ::ridl_rt::flatbuffers::read_u8(buf, __p)
                .map_err(::ridl_rt::payload::VerifyError::Structure)?;
            DoorId::check(&(i64::from(__raw)))
                .map_err(::ridl_rt::payload::VerifyError::Contract)?;
        }
        ::core::option::Option::None => {
            return ::core::result::Result::Err(
                ::ridl_rt::payload::VerifyError::Structure(
                    ::ridl_rt::payload::Malformed::MissingRequired,
                ),
            );
        }
    }
    ::core::result::Result::Ok(())
}
#[allow(deprecated)]
fn __ridl_fb_decode_door_id(buf: &[u8], table: usize) -> DoorId {
    {
        let __p = ::ridl_rt::flatbuffers::field(buf, table, 0u16, 1usize)
            .unwrap_or(::core::option::Option::None)
            .unwrap_or(0usize);
        DoorId::new_unchecked(
            i64::from(::ridl_rt::flatbuffers::read_u8(buf, __p).unwrap_or(0u8)),
        )
    }
}
#[allow(deprecated)]
impl ::ridl_rt::payload::Payload<::ridl_rt::encoding::FlatBuffers> for DoorId {
    /// The largest FlatBuffers buffer any legal `DoorId` encodes to: 43 bytes.
    ///
    /// `ridl_ir::projection::flatbuffers::max_size` computed it,
    /// which is the one implementation of the bound (design note
    /// D-6): each table is charged its `soffset`, its inline
    /// fields, its vtable and one alignment event per slot; a
    /// string four bytes per declared character plus a
    /// terminator; a collection its declared maximum. It is a
    /// literal rather than an expression over the field types
    /// because that slack is not expressible in Rust's type
    /// system.
    const MAX_SIZE: usize = 43usize;
    type View<'a> = DoorIdFbView<'a>;
    fn encode<'o>(
        &self,
        out: &'o mut [u8],
    ) -> ::core::result::Result<
        ::ridl_rt::payload::Encoded<'o, Self::View<'o>>,
        ::ridl_rt::payload::EncodeError,
    > {
        let mut builder = ::ridl_rt::flatbuffers::Builder::new(out);
        let __root = __ridl_fb_encode_door_id(self, &mut builder)?;
        let bytes = builder.finish(__root, 8usize)?;
        let table = ::ridl_rt::flatbuffers::root(bytes).unwrap_or(0usize);
        ::core::result::Result::Ok(::ridl_rt::payload::Encoded {
            bytes,
            view: DoorIdFbView { buf: bytes, table },
        })
    }
    fn verify(
        buf: &[u8],
    ) -> ::core::result::Result<Self::View<'_>, ::ridl_rt::payload::VerifyError> {
        if buf.len()
            > <Self as ::ridl_rt::payload::Payload<
                ::ridl_rt::encoding::FlatBuffers,
            >>::MAX_SIZE
        {
            return ::core::result::Result::Err(
                ::ridl_rt::payload::VerifyError::Structure(
                    ::ridl_rt::payload::Malformed::TooLarge,
                ),
            );
        }
        let table = ::ridl_rt::flatbuffers::root(buf)
            .map_err(::ridl_rt::payload::VerifyError::Structure)?;
        __ridl_fb_verify_door_id(buf, table)?;
        ::core::result::Result::Ok(DoorIdFbView { buf, table })
    }
    fn decode(
        r: ::ridl_rt::payload::Ref<'_, Self, ::ridl_rt::encoding::FlatBuffers>,
    ) -> Self {
        let __view = r.view();
        __ridl_fb_decode_door_id(__view.buf, __view.table)
    }
}
/// An accessor over FlatBuffers bytes `Percent`'s `verify` accepted.
///
/// The buffer's root is the box table ADR-0019 decision 8
/// gives this declaration: one required `value` field. A
/// buffer carrying no slot for it is `MissingRequired`.
#[derive(Debug, Clone, Copy, PartialEq, Eq)]
#[allow(deprecated)]
pub struct PercentFbView<'a> {
    buf: &'a [u8],
    table: usize,
}
#[allow(deprecated)]
impl<'a> PercentFbView<'a> {
    /// The verified bytes this view reads.
    pub fn bytes(&self) -> &'a [u8] {
        self.buf
    }
    /// The value the box carries. `Percent` is one value, so this decodes it rather than borrowing it, which costs one read.
    pub fn value(&self) -> Percent {
        __ridl_fb_decode_percent(self.buf, self.table)
    }
}
/// Writes `Percent` as its box table and returns its position (ADR-0019 decision 8).
#[allow(deprecated)]
fn __ridl_fb_encode_percent(
    value: &Percent,
    builder: &mut ::ridl_rt::flatbuffers::Builder<'_>,
) -> ::core::result::Result<
    ::ridl_rt::flatbuffers::Pos,
    ::ridl_rt::payload::EncodeError,
> {
    ::core::result::Result::Ok({
        let __box = [
            ::ridl_rt::flatbuffers::TableField {
                slot: 0u16,
                offset: 4u16,
                value: {
                    let __s = *value;
                    ::ridl_rt::flatbuffers::Field::F32(__s.get() as f32)
                },
            },
        ];
        builder.push_table(8usize, 4usize, 1u16, &__box)?
    })
}
#[allow(deprecated)]
fn __ridl_fb_verify_percent(
    buf: &[u8],
    table: usize,
) -> ::core::result::Result<(), ::ridl_rt::payload::VerifyError> {
    match ::ridl_rt::flatbuffers::field(buf, table, 0u16, 4usize)
        .map_err(::ridl_rt::payload::VerifyError::Structure)?
    {
        ::core::option::Option::Some(__p) => {
            let __raw = ::ridl_rt::flatbuffers::read_f32(buf, __p)
                .map_err(::ridl_rt::payload::VerifyError::Structure)?;
            Percent::check(&(f64::from(__raw)))
                .map_err(::ridl_rt::payload::VerifyError::Contract)?;
        }
        ::core::option::Option::None => {
            return ::core::result::Result::Err(
                ::ridl_rt::payload::VerifyError::Structure(
                    ::ridl_rt::payload::Malformed::MissingRequired,
                ),
            );
        }
    }
    ::core::result::Result::Ok(())
}
#[allow(deprecated)]
fn __ridl_fb_decode_percent(buf: &[u8], table: usize) -> Percent {
    {
        let __p = ::ridl_rt::flatbuffers::field(buf, table, 0u16, 4usize)
            .unwrap_or(::core::option::Option::None)
            .unwrap_or(0usize);
        Percent::new_unchecked(
            f64::from(::ridl_rt::flatbuffers::read_f32(buf, __p).unwrap_or(0.0f32)),
        )
    }
}
#[allow(deprecated)]
impl ::ridl_rt::payload::Payload<::ridl_rt::encoding::FlatBuffers> for Percent {
    /// The largest FlatBuffers buffer any legal `Percent` encodes to: 46 bytes.
    ///
    /// `ridl_ir::projection::flatbuffers::max_size` computed it,
    /// which is the one implementation of the bound (design note
    /// D-6): each table is charged its `soffset`, its inline
    /// fields, its vtable and one alignment event per slot; a
    /// string four bytes per declared character plus a
    /// terminator; a collection its declared maximum. It is a
    /// literal rather than an expression over the field types
    /// because that slack is not expressible in Rust's type
    /// system.
    const MAX_SIZE: usize = 46usize;
    type View<'a> = PercentFbView<'a>;
    fn encode<'o>(
        &self,
        out: &'o mut [u8],
    ) -> ::core::result::Result<
        ::ridl_rt::payload::Encoded<'o, Self::View<'o>>,
        ::ridl_rt::payload::EncodeError,
    > {
        let mut builder = ::ridl_rt::flatbuffers::Builder::new(out);
        let __root = __ridl_fb_encode_percent(self, &mut builder)?;
        let bytes = builder.finish(__root, 8usize)?;
        let table = ::ridl_rt::flatbuffers::root(bytes).unwrap_or(0usize);
        ::core::result::Result::Ok(::ridl_rt::payload::Encoded {
            bytes,
            view: PercentFbView { buf: bytes, table },
        })
    }
    fn verify(
        buf: &[u8],
    ) -> ::core::result::Result<Self::View<'_>, ::ridl_rt::payload::VerifyError> {
        if buf.len()
            > <Self as ::ridl_rt::payload::Payload<
                ::ridl_rt::encoding::FlatBuffers,
            >>::MAX_SIZE
        {
            return ::core::result::Result::Err(
                ::ridl_rt::payload::VerifyError::Structure(
                    ::ridl_rt::payload::Malformed::TooLarge,
                ),
            );
        }
        let table = ::ridl_rt::flatbuffers::root(buf)
            .map_err(::ridl_rt::payload::VerifyError::Structure)?;
        __ridl_fb_verify_percent(buf, table)?;
        ::core::result::Result::Ok(PercentFbView { buf, table })
    }
    fn decode(
        r: ::ridl_rt::payload::Ref<'_, Self, ::ridl_rt::encoding::FlatBuffers>,
    ) -> Self {
        let __view = r.view();
        __ridl_fb_decode_percent(__view.buf, __view.table)
    }
}
/// An accessor over FlatBuffers bytes `Odometer`'s `verify` accepted.
///
/// The buffer's root is the box table ADR-0019 decision 8
/// gives this declaration: one required `value` field. A
/// buffer carrying no slot for it is `MissingRequired`.
#[derive(Debug, Clone, Copy, PartialEq, Eq)]
#[allow(deprecated)]
pub struct OdometerFbView<'a> {
    buf: &'a [u8],
    table: usize,
}
#[allow(deprecated)]
impl<'a> OdometerFbView<'a> {
    /// The verified bytes this view reads.
    pub fn bytes(&self) -> &'a [u8] {
        self.buf
    }
    /// The value the box carries. `Odometer` is one value, so this decodes it rather than borrowing it, which costs one read.
    pub fn value(&self) -> Odometer {
        __ridl_fb_decode_odometer(self.buf, self.table)
    }
}
/// Writes `Odometer` as its box table and returns its position (ADR-0019 decision 8).
#[allow(deprecated)]
fn __ridl_fb_encode_odometer(
    value: &Odometer,
    builder: &mut ::ridl_rt::flatbuffers::Builder<'_>,
) -> ::core::result::Result<
    ::ridl_rt::flatbuffers::Pos,
    ::ridl_rt::payload::EncodeError,
> {
    ::core::result::Result::Ok({
        let __box = [
            ::ridl_rt::flatbuffers::TableField {
                slot: 0u16,
                offset: 4u16,
                value: {
                    let __s = *value;
                    ::ridl_rt::flatbuffers::Field::U32(__s.get() as u32)
                },
            },
        ];
        builder.push_table(8usize, 4usize, 1u16, &__box)?
    })
}
#[allow(deprecated)]
fn __ridl_fb_verify_odometer(
    buf: &[u8],
    table: usize,
) -> ::core::result::Result<(), ::ridl_rt::payload::VerifyError> {
    match ::ridl_rt::flatbuffers::field(buf, table, 0u16, 4usize)
        .map_err(::ridl_rt::payload::VerifyError::Structure)?
    {
        ::core::option::Option::Some(__p) => {
            let __raw = ::ridl_rt::flatbuffers::read_u32(buf, __p)
                .map_err(::ridl_rt::payload::VerifyError::Structure)?;
            Odometer::check(&(i64::from(__raw)))
                .map_err(::ridl_rt::payload::VerifyError::Contract)?;
        }
        ::core::option::Option::None => {
            return ::core::result::Result::Err(
                ::ridl_rt::payload::VerifyError::Structure(
                    ::ridl_rt::payload::Malformed::MissingRequired,
                ),
            );
        }
    }
    ::core::result::Result::Ok(())
}
#[allow(deprecated)]
fn __ridl_fb_decode_odometer(buf: &[u8], table: usize) -> Odometer {
    {
        let __p = ::ridl_rt::flatbuffers::field(buf, table, 0u16, 4usize)
            .unwrap_or(::core::option::Option::None)
            .unwrap_or(0usize);
        Odometer::new_unchecked(
            i64::from(::ridl_rt::flatbuffers::read_u32(buf, __p).unwrap_or(0u32)),
        )
    }
}
#[allow(deprecated)]
impl ::ridl_rt::payload::Payload<::ridl_rt::encoding::FlatBuffers> for Odometer {
    /// The largest FlatBuffers buffer any legal `Odometer` encodes to: 46 bytes.
    ///
    /// `ridl_ir::projection::flatbuffers::max_size` computed it,
    /// which is the one implementation of the bound (design note
    /// D-6): each table is charged its `soffset`, its inline
    /// fields, its vtable and one alignment event per slot; a
    /// string four bytes per declared character plus a
    /// terminator; a collection its declared maximum. It is a
    /// literal rather than an expression over the field types
    /// because that slack is not expressible in Rust's type
    /// system.
    const MAX_SIZE: usize = 46usize;
    type View<'a> = OdometerFbView<'a>;
    fn encode<'o>(
        &self,
        out: &'o mut [u8],
    ) -> ::core::result::Result<
        ::ridl_rt::payload::Encoded<'o, Self::View<'o>>,
        ::ridl_rt::payload::EncodeError,
    > {
        let mut builder = ::ridl_rt::flatbuffers::Builder::new(out);
        let __root = __ridl_fb_encode_odometer(self, &mut builder)?;
        let bytes = builder.finish(__root, 8usize)?;
        let table = ::ridl_rt::flatbuffers::root(bytes).unwrap_or(0usize);
        ::core::result::Result::Ok(::ridl_rt::payload::Encoded {
            bytes,
            view: OdometerFbView {
                buf: bytes,
                table,
            },
        })
    }
    fn verify(
        buf: &[u8],
    ) -> ::core::result::Result<Self::View<'_>, ::ridl_rt::payload::VerifyError> {
        if buf.len()
            > <Self as ::ridl_rt::payload::Payload<
                ::ridl_rt::encoding::FlatBuffers,
            >>::MAX_SIZE
        {
            return ::core::result::Result::Err(
                ::ridl_rt::payload::VerifyError::Structure(
                    ::ridl_rt::payload::Malformed::TooLarge,
                ),
            );
        }
        let table = ::ridl_rt::flatbuffers::root(buf)
            .map_err(::ridl_rt::payload::VerifyError::Structure)?;
        __ridl_fb_verify_odometer(buf, table)?;
        ::core::result::Result::Ok(OdometerFbView { buf, table })
    }
    fn decode(
        r: ::ridl_rt::payload::Ref<'_, Self, ::ridl_rt::encoding::FlatBuffers>,
    ) -> Self {
        let __view = r.view();
        __ridl_fb_decode_odometer(__view.buf, __view.table)
    }
}
/// An accessor over FlatBuffers bytes `LockState`'s `verify` accepted.
///
/// The buffer's root is the box table ADR-0019 decision 8
/// gives this declaration: one required `value` field. A
/// buffer carrying no slot for it is `MissingRequired`.
#[derive(Debug, Clone, Copy, PartialEq, Eq)]
#[allow(deprecated)]
pub struct LockStateFbView<'a> {
    buf: &'a [u8],
    table: usize,
}
#[allow(deprecated)]
impl<'a> LockStateFbView<'a> {
    /// The verified bytes this view reads.
    pub fn bytes(&self) -> &'a [u8] {
        self.buf
    }
    /// The value the box carries. `LockState` is one value, so this decodes it rather than borrowing it, which costs one read.
    pub fn value(&self) -> LockState {
        __ridl_fb_decode_lock_state(self.buf, self.table)
    }
}
/// Writes `LockState` as its box table and returns its position (ADR-0019 decision 8).
#[allow(deprecated)]
fn __ridl_fb_encode_lock_state(
    value: &LockState,
    builder: &mut ::ridl_rt::flatbuffers::Builder<'_>,
) -> ::core::result::Result<
    ::ridl_rt::flatbuffers::Pos,
    ::ridl_rt::payload::EncodeError,
> {
    ::core::result::Result::Ok({
        let __box = [
            ::ridl_rt::flatbuffers::TableField {
                slot: 0u16,
                offset: 8u16,
                value: {
                    let __s = *value;
                    ::ridl_rt::flatbuffers::Field::I64(i64::from(__s))
                },
            },
        ];
        builder.push_table(16usize, 8usize, 1u16, &__box)?
    })
}
#[allow(deprecated)]
fn __ridl_fb_verify_lock_state(
    buf: &[u8],
    table: usize,
) -> ::core::result::Result<(), ::ridl_rt::payload::VerifyError> {
    match ::ridl_rt::flatbuffers::field(buf, table, 0u16, 8usize)
        .map_err(::ridl_rt::payload::VerifyError::Structure)?
    {
        ::core::option::Option::Some(__p) => {
            let __raw = ::ridl_rt::flatbuffers::read_i64(buf, __p)
                .map_err(::ridl_rt::payload::VerifyError::Structure)?;
            <LockState as ::core::convert::TryFrom<i64>>::try_from(__raw)
                .map_err(::ridl_rt::payload::VerifyError::Contract)?;
        }
        ::core::option::Option::None => {
            return ::core::result::Result::Err(
                ::ridl_rt::payload::VerifyError::Structure(
                    ::ridl_rt::payload::Malformed::MissingRequired,
                ),
            );
        }
    }
    ::core::result::Result::Ok(())
}
#[allow(deprecated)]
fn __ridl_fb_decode_lock_state(buf: &[u8], table: usize) -> LockState {
    {
        let __p = ::ridl_rt::flatbuffers::field(buf, table, 0u16, 8usize)
            .unwrap_or(::core::option::Option::None)
            .unwrap_or(0usize);
        <LockState as ::core::convert::TryFrom<
            i64,
        >>::try_from(::ridl_rt::flatbuffers::read_i64(buf, __p).unwrap_or(0i64))
            .unwrap_or(LockState::UNLOCKED)
    }
}
#[allow(deprecated)]
impl ::ridl_rt::payload::Payload<::ridl_rt::encoding::FlatBuffers> for LockState {
    /// The largest FlatBuffers buffer any legal `LockState` encodes to: 50 bytes.
    ///
    /// `ridl_ir::projection::flatbuffers::max_size` computed it,
    /// which is the one implementation of the bound (design note
    /// D-6): each table is charged its `soffset`, its inline
    /// fields, its vtable and one alignment event per slot; a
    /// string four bytes per declared character plus a
    /// terminator; a collection its declared maximum. It is a
    /// literal rather than an expression over the field types
    /// because that slack is not expressible in Rust's type
    /// system.
    const MAX_SIZE: usize = 50usize;
    type View<'a> = LockStateFbView<'a>;
    fn encode<'o>(
        &self,
        out: &'o mut [u8],
    ) -> ::core::result::Result<
        ::ridl_rt::payload::Encoded<'o, Self::View<'o>>,
        ::ridl_rt::payload::EncodeError,
    > {
        let mut builder = ::ridl_rt::flatbuffers::Builder::new(out);
        let __root = __ridl_fb_encode_lock_state(self, &mut builder)?;
        let bytes = builder.finish(__root, 8usize)?;
        let table = ::ridl_rt::flatbuffers::root(bytes).unwrap_or(0usize);
        ::core::result::Result::Ok(::ridl_rt::payload::Encoded {
            bytes,
            view: LockStateFbView {
                buf: bytes,
                table,
            },
        })
    }
    fn verify(
        buf: &[u8],
    ) -> ::core::result::Result<Self::View<'_>, ::ridl_rt::payload::VerifyError> {
        if buf.len()
            > <Self as ::ridl_rt::payload::Payload<
                ::ridl_rt::encoding::FlatBuffers,
            >>::MAX_SIZE
        {
            return ::core::result::Result::Err(
                ::ridl_rt::payload::VerifyError::Structure(
                    ::ridl_rt::payload::Malformed::TooLarge,
                ),
            );
        }
        let table = ::ridl_rt::flatbuffers::root(buf)
            .map_err(::ridl_rt::payload::VerifyError::Structure)?;
        __ridl_fb_verify_lock_state(buf, table)?;
        ::core::result::Result::Ok(LockStateFbView { buf, table })
    }
    fn decode(
        r: ::ridl_rt::payload::Ref<'_, Self, ::ridl_rt::encoding::FlatBuffers>,
    ) -> Self {
        let __view = r.view();
        __ridl_fb_decode_lock_state(__view.buf, __view.table)
    }
}
/// A zero-copy accessor over FlatBuffers bytes `DoorReport`'s `verify` accepted.
///
/// A scalar, a string, a byte sequence and a nested table are
/// read in place and allocate nothing. A union and a collection
/// are decoded on access instead: a union's arms and a
/// collection's elements have no one view type to hand back.
#[derive(Debug, Clone, Copy, PartialEq, Eq)]
#[allow(deprecated)]
pub struct DoorReportFbView<'a> {
    buf: &'a [u8],
    table: usize,
}
#[allow(deprecated)]
impl<'a> DoorReportFbView<'a> {
    /// The verified bytes this view reads.
    pub fn bytes(&self) -> &'a [u8] {
        self.buf
    }
    /// Reads `DoorReport`'s `door` field in place.
    pub fn door(&self) -> DoorId {
        let __p = ::ridl_rt::flatbuffers::field(self.buf, self.table, 0u16, 1usize)
            .unwrap_or(::core::option::Option::None)
            .unwrap_or(0usize);
        DoorId::new_unchecked(
            i64::from(::ridl_rt::flatbuffers::read_u8(self.buf, __p).unwrap_or(0u8)),
        )
    }
    /// Reads `DoorReport`'s `locked` field in place.
    pub fn locked(&self) -> LockState {
        let __p = ::ridl_rt::flatbuffers::field(self.buf, self.table, 1u16, 8usize)
            .unwrap_or(::core::option::Option::None)
            .unwrap_or(0usize);
        <LockState as ::core::convert::TryFrom<
            i64,
        >>::try_from(::ridl_rt::flatbuffers::read_i64(self.buf, __p).unwrap_or(0i64))
            .unwrap_or(LockState::UNLOCKED)
    }
}
/// Writes `DoorReport` as a FlatBuffers table and returns its position.
#[allow(deprecated)]
fn __ridl_fb_encode_door_report(
    value: &DoorReport,
    builder: &mut ::ridl_rt::flatbuffers::Builder<'_>,
) -> ::core::result::Result<
    ::ridl_rt::flatbuffers::Pos,
    ::ridl_rt::payload::EncodeError,
> {
    let mut __fields = [::ridl_rt::flatbuffers::TableField {
        slot: 0u16,
        offset: 4u16,
        value: ::ridl_rt::flatbuffers::Field::Bool(false),
    }; 2usize];
    let mut __n = 0usize;
    __fields[__n] = ::ridl_rt::flatbuffers::TableField {
        slot: 0u16,
        offset: 4u16,
        value: {
            let __s = value.door;
            ::ridl_rt::flatbuffers::Field::U8(__s.get() as u8)
        },
    };
    __n += 1;
    __fields[__n] = ::ridl_rt::flatbuffers::TableField {
        slot: 1u16,
        offset: 8u16,
        value: {
            let __s = value.locked;
            ::ridl_rt::flatbuffers::Field::I64(i64::from(__s))
        },
    };
    __n += 1;
    builder.push_table(16usize, 8usize, 2u16, &__fields[..__n])
}
/// Checks the FlatBuffers table at `table` against `DoorReport`'s shape.
///
/// A total walk of the type's own shape: the structure in full,
/// an enum and an enum-set discriminant, a collection's declared
/// element count, and every **named** scalar's own declared
/// range, length and pattern, checked over a borrow (`check`,
/// beside `new` on the type itself) against its declared range,
/// length and pattern.
///
/// This does not make every value `decode` builds satisfy every
/// typl constraint. Three gaps:
///
/// - a `step` constraint is checked nowhere — not by `new`, by
///   `check`, or here (driftsys/ridl#469);
/// - the pattern check is behind the `validate-pattern` feature,
///   so a value violating a `match` pattern passes when that
///   feature is off;
/// - an anonymous inline constraint (a field's own `[..]` or
///   `match` written at the field, not through a named scalar)
///   is not checked here at all (driftsys/ridl#469).
#[allow(deprecated)]
fn __ridl_fb_verify_door_report(
    buf: &[u8],
    table: usize,
) -> ::core::result::Result<(), ::ridl_rt::payload::VerifyError> {
    match ::ridl_rt::flatbuffers::field(buf, table, 0u16, 1usize)
        .map_err(::ridl_rt::payload::VerifyError::Structure)?
    {
        ::core::option::Option::Some(__p) => {
            let __raw = ::ridl_rt::flatbuffers::read_u8(buf, __p)
                .map_err(::ridl_rt::payload::VerifyError::Structure)?;
            DoorId::check(&(i64::from(__raw)))
                .map_err(::ridl_rt::payload::VerifyError::Contract)?;
        }
        ::core::option::Option::None => {
            return ::core::result::Result::Err(
                ::ridl_rt::payload::VerifyError::Structure(
                    ::ridl_rt::payload::Malformed::MissingRequired,
                ),
            );
        }
    }
    match ::ridl_rt::flatbuffers::field(buf, table, 1u16, 8usize)
        .map_err(::ridl_rt::payload::VerifyError::Structure)?
    {
        ::core::option::Option::Some(__p) => {
            let __raw = ::ridl_rt::flatbuffers::read_i64(buf, __p)
                .map_err(::ridl_rt::payload::VerifyError::Structure)?;
            <LockState as ::core::convert::TryFrom<i64>>::try_from(__raw)
                .map_err(::ridl_rt::payload::VerifyError::Contract)?;
        }
        ::core::option::Option::None => {
            return ::core::result::Result::Err(
                ::ridl_rt::payload::VerifyError::Structure(
                    ::ridl_rt::payload::Malformed::MissingRequired,
                ),
            );
        }
    }
    ::core::result::Result::Ok(())
}
/// Builds `DoorReport` from the FlatBuffers table at `table`.
///
/// It cannot fail. A read that could is discharged with the
/// neutral value of its own type — zero, the empty string or
/// collection, the first declared enum variant — and `verify` is
/// what makes those branches unreachable. A named scalar is
/// built with its unchecked constructor (`new_unchecked`) over a
/// value `verify` has already range-checked (`check`), so this
/// never re-checks and never fails.
#[allow(deprecated)]
fn __ridl_fb_decode_door_report(buf: &[u8], table: usize) -> DoorReport {
    DoorReport {
        door: {
            let __p = ::ridl_rt::flatbuffers::field(buf, table, 0u16, 1usize)
                .unwrap_or(::core::option::Option::None)
                .unwrap_or(0usize);
            DoorId::new_unchecked(
                i64::from(::ridl_rt::flatbuffers::read_u8(buf, __p).unwrap_or(0u8)),
            )
        },
        locked: {
            let __p = ::ridl_rt::flatbuffers::field(buf, table, 1u16, 8usize)
                .unwrap_or(::core::option::Option::None)
                .unwrap_or(0usize);
            <LockState as ::core::convert::TryFrom<
                i64,
            >>::try_from(::ridl_rt::flatbuffers::read_i64(buf, __p).unwrap_or(0i64))
                .unwrap_or(LockState::UNLOCKED)
        },
    }
}
#[allow(deprecated)]
impl ::ridl_rt::payload::Payload<::ridl_rt::encoding::FlatBuffers> for DoorReport {
    /// The largest FlatBuffers buffer any legal `DoorReport` encodes to: 60 bytes.
    ///
    /// `ridl_ir::projection::flatbuffers::max_size` computed it,
    /// which is the one implementation of the bound (design note
    /// D-6): each table is charged its `soffset`, its inline
    /// fields, its vtable and one alignment event per slot; a
    /// string four bytes per declared character plus a
    /// terminator; a collection its declared maximum. It is a
    /// literal rather than an expression over the field types
    /// because that slack is not expressible in Rust's type
    /// system.
    const MAX_SIZE: usize = 60usize;
    type View<'a> = DoorReportFbView<'a>;
    fn encode<'o>(
        &self,
        out: &'o mut [u8],
    ) -> ::core::result::Result<
        ::ridl_rt::payload::Encoded<'o, Self::View<'o>>,
        ::ridl_rt::payload::EncodeError,
    > {
        let mut builder = ::ridl_rt::flatbuffers::Builder::new(out);
        let __root = __ridl_fb_encode_door_report(self, &mut builder)?;
        let bytes = builder.finish(__root, 8usize)?;
        let table = ::ridl_rt::flatbuffers::root(bytes).unwrap_or(0usize);
        ::core::result::Result::Ok(::ridl_rt::payload::Encoded {
            bytes,
            view: DoorReportFbView {
                buf: bytes,
                table,
            },
        })
    }
    fn verify(
        buf: &[u8],
    ) -> ::core::result::Result<Self::View<'_>, ::ridl_rt::payload::VerifyError> {
        if buf.len()
            > <Self as ::ridl_rt::payload::Payload<
                ::ridl_rt::encoding::FlatBuffers,
            >>::MAX_SIZE
        {
            return ::core::result::Result::Err(
                ::ridl_rt::payload::VerifyError::Structure(
                    ::ridl_rt::payload::Malformed::TooLarge,
                ),
            );
        }
        let table = ::ridl_rt::flatbuffers::root(buf)
            .map_err(::ridl_rt::payload::VerifyError::Structure)?;
        __ridl_fb_verify_door_report(buf, table)?;
        ::core::result::Result::Ok(DoorReportFbView { buf, table })
    }
    fn decode(
        r: ::ridl_rt::payload::Ref<'_, Self, ::ridl_rt::encoding::FlatBuffers>,
    ) -> Self {
        let __view = r.view();
        __ridl_fb_decode_door_report(__view.buf, __view.table)
    }
}
/// An accessor over FlatBuffers bytes `DoorFault`'s `verify` accepted.
///
/// The buffer's root is the box table ADR-0019 decision 8
/// gives this declaration: one required `value` field. A
/// buffer carrying no slot for it is `MissingRequired`.
#[derive(Debug, Clone, Copy, PartialEq, Eq)]
#[allow(deprecated)]
pub struct DoorFaultFbView<'a> {
    buf: &'a [u8],
    table: usize,
}
#[allow(deprecated)]
impl<'a> DoorFaultFbView<'a> {
    /// The verified bytes this view reads.
    pub fn bytes(&self) -> &'a [u8] {
        self.buf
    }
    /// The value the box carries. `DoorFault` is one value, so this decodes it rather than borrowing it, which costs one read.
    pub fn value(&self) -> DoorFault {
        __ridl_fb_decode_door_fault(self.buf, self.table)
    }
}
/// Writes `DoorFault` as its box table and returns its position (ADR-0019 decision 8).
#[allow(deprecated)]
fn __ridl_fb_encode_door_fault(
    value: &DoorFault,
    builder: &mut ::ridl_rt::flatbuffers::Builder<'_>,
) -> ::core::result::Result<
    ::ridl_rt::flatbuffers::Pos,
    ::ridl_rt::payload::EncodeError,
> {
    ::core::result::Result::Ok({
        let __box = [
            ::ridl_rt::flatbuffers::TableField {
                slot: 0u16,
                offset: 8u16,
                value: {
                    let __s = *value;
                    ::ridl_rt::flatbuffers::Field::I64(i64::from(__s))
                },
            },
        ];
        builder.push_table(16usize, 8usize, 1u16, &__box)?
    })
}
#[allow(deprecated)]
fn __ridl_fb_verify_door_fault(
    buf: &[u8],
    table: usize,
) -> ::core::result::Result<(), ::ridl_rt::payload::VerifyError> {
    match ::ridl_rt::flatbuffers::field(buf, table, 0u16, 8usize)
        .map_err(::ridl_rt::payload::VerifyError::Structure)?
    {
        ::core::option::Option::Some(__p) => {
            let __raw = ::ridl_rt::flatbuffers::read_i64(buf, __p)
                .map_err(::ridl_rt::payload::VerifyError::Structure)?;
            <DoorFault as ::core::convert::TryFrom<i64>>::try_from(__raw)
                .map_err(::ridl_rt::payload::VerifyError::Contract)?;
        }
        ::core::option::Option::None => {
            return ::core::result::Result::Err(
                ::ridl_rt::payload::VerifyError::Structure(
                    ::ridl_rt::payload::Malformed::MissingRequired,
                ),
            );
        }
    }
    ::core::result::Result::Ok(())
}
#[allow(deprecated)]
fn __ridl_fb_decode_door_fault(buf: &[u8], table: usize) -> DoorFault {
    {
        let __p = ::ridl_rt::flatbuffers::field(buf, table, 0u16, 8usize)
            .unwrap_or(::core::option::Option::None)
            .unwrap_or(0usize);
        <DoorFault as ::core::convert::TryFrom<
            i64,
        >>::try_from(::ridl_rt::flatbuffers::read_i64(buf, __p).unwrap_or(0i64))
            .unwrap_or(DoorFault::JAMMED)
    }
}
#[allow(deprecated)]
impl ::ridl_rt::payload::Payload<::ridl_rt::encoding::FlatBuffers> for DoorFault {
    /// The largest FlatBuffers buffer any legal `DoorFault` encodes to: 50 bytes.
    ///
    /// `ridl_ir::projection::flatbuffers::max_size` computed it,
    /// which is the one implementation of the bound (design note
    /// D-6): each table is charged its `soffset`, its inline
    /// fields, its vtable and one alignment event per slot; a
    /// string four bytes per declared character plus a
    /// terminator; a collection its declared maximum. It is a
    /// literal rather than an expression over the field types
    /// because that slack is not expressible in Rust's type
    /// system.
    const MAX_SIZE: usize = 50usize;
    type View<'a> = DoorFaultFbView<'a>;
    fn encode<'o>(
        &self,
        out: &'o mut [u8],
    ) -> ::core::result::Result<
        ::ridl_rt::payload::Encoded<'o, Self::View<'o>>,
        ::ridl_rt::payload::EncodeError,
    > {
        let mut builder = ::ridl_rt::flatbuffers::Builder::new(out);
        let __root = __ridl_fb_encode_door_fault(self, &mut builder)?;
        let bytes = builder.finish(__root, 8usize)?;
        let table = ::ridl_rt::flatbuffers::root(bytes).unwrap_or(0usize);
        ::core::result::Result::Ok(::ridl_rt::payload::Encoded {
            bytes,
            view: DoorFaultFbView {
                buf: bytes,
                table,
            },
        })
    }
    fn verify(
        buf: &[u8],
    ) -> ::core::result::Result<Self::View<'_>, ::ridl_rt::payload::VerifyError> {
        if buf.len()
            > <Self as ::ridl_rt::payload::Payload<
                ::ridl_rt::encoding::FlatBuffers,
            >>::MAX_SIZE
        {
            return ::core::result::Result::Err(
                ::ridl_rt::payload::VerifyError::Structure(
                    ::ridl_rt::payload::Malformed::TooLarge,
                ),
            );
        }
        let table = ::ridl_rt::flatbuffers::root(buf)
            .map_err(::ridl_rt::payload::VerifyError::Structure)?;
        __ridl_fb_verify_door_fault(buf, table)?;
        ::core::result::Result::Ok(DoorFaultFbView { buf, table })
    }
    fn decode(
        r: ::ridl_rt::payload::Ref<'_, Self, ::ridl_rt::encoding::FlatBuffers>,
    ) -> Self {
        let __view = r.view();
        __ridl_fb_decode_door_fault(__view.buf, __view.table)
    }
}


// ===== package fleet.legacy =====
/// The M1 fleet's door failure set, kept for contracts still on the old wire.
#[derive(Debug, Clone, Copy, PartialEq, Eq, Hash)]
#[repr(i64)]
pub enum DoorFault {
    STUCK = 0,
    NO_POWER = 1,
}
impl ::core::convert::TryFrom<i64> for DoorFault {
    type Error = ::ridl_rt::payload::Violation;
    fn try_from(value: i64) -> ::core::result::Result<Self, Self::Error> {
        match value {
            0 => ::core::result::Result::Ok(Self::STUCK),
            1 => ::core::result::Result::Ok(Self::NO_POWER),
            _ => {
                ::core::result::Result::Err(::ridl_rt::payload::Violation {
                    type_name: "DoorFault",
                    rule: ::ridl_rt::payload::Rule::Variant,
                })
            }
        }
    }
}
impl ::core::convert::From<DoorFault> for i64 {
    fn from(value: DoorFault) -> Self {
        value as i64
    }
}
impl Default for DoorFault {
    fn default() -> Self {
        DoorFault::STUCK
    }
}
/// An accessor over FlatBuffers bytes `DoorFault`'s `verify` accepted.
///
/// The buffer's root is the box table ADR-0019 decision 8
/// gives this declaration: one required `value` field. A
/// buffer carrying no slot for it is `MissingRequired`.
#[derive(Debug, Clone, Copy, PartialEq, Eq)]
#[allow(deprecated)]
pub struct DoorFaultFbView<'a> {
    buf: &'a [u8],
    table: usize,
}
#[allow(deprecated)]
impl<'a> DoorFaultFbView<'a> {
    /// The verified bytes this view reads.
    pub fn bytes(&self) -> &'a [u8] {
        self.buf
    }
    /// The value the box carries. `DoorFault` is one value, so this decodes it rather than borrowing it, which costs one read.
    pub fn value(&self) -> DoorFault {
        __ridl_fb_decode_door_fault(self.buf, self.table)
    }
}
/// Writes `DoorFault` as its box table and returns its position (ADR-0019 decision 8).
#[allow(deprecated)]
fn __ridl_fb_encode_door_fault(
    value: &DoorFault,
    builder: &mut ::ridl_rt::flatbuffers::Builder<'_>,
) -> ::core::result::Result<
    ::ridl_rt::flatbuffers::Pos,
    ::ridl_rt::payload::EncodeError,
> {
    ::core::result::Result::Ok({
        let __box = [
            ::ridl_rt::flatbuffers::TableField {
                slot: 0u16,
                offset: 8u16,
                value: {
                    let __s = *value;
                    ::ridl_rt::flatbuffers::Field::I64(i64::from(__s))
                },
            },
        ];
        builder.push_table(16usize, 8usize, 1u16, &__box)?
    })
}
#[allow(deprecated)]
fn __ridl_fb_verify_door_fault(
    buf: &[u8],
    table: usize,
) -> ::core::result::Result<(), ::ridl_rt::payload::VerifyError> {
    match ::ridl_rt::flatbuffers::field(buf, table, 0u16, 8usize)
        .map_err(::ridl_rt::payload::VerifyError::Structure)?
    {
        ::core::option::Option::Some(__p) => {
            let __raw = ::ridl_rt::flatbuffers::read_i64(buf, __p)
                .map_err(::ridl_rt::payload::VerifyError::Structure)?;
            <DoorFault as ::core::convert::TryFrom<i64>>::try_from(__raw)
                .map_err(::ridl_rt::payload::VerifyError::Contract)?;
        }
        ::core::option::Option::None => {
            return ::core::result::Result::Err(
                ::ridl_rt::payload::VerifyError::Structure(
                    ::ridl_rt::payload::Malformed::MissingRequired,
                ),
            );
        }
    }
    ::core::result::Result::Ok(())
}
#[allow(deprecated)]
fn __ridl_fb_decode_door_fault(buf: &[u8], table: usize) -> DoorFault {
    {
        let __p = ::ridl_rt::flatbuffers::field(buf, table, 0u16, 8usize)
            .unwrap_or(::core::option::Option::None)
            .unwrap_or(0usize);
        <DoorFault as ::core::convert::TryFrom<
            i64,
        >>::try_from(::ridl_rt::flatbuffers::read_i64(buf, __p).unwrap_or(0i64))
            .unwrap_or(DoorFault::STUCK)
    }
}
#[allow(deprecated)]
impl ::ridl_rt::payload::Payload<::ridl_rt::encoding::FlatBuffers> for DoorFault {
    /// The largest FlatBuffers buffer any legal `DoorFault` encodes to: 50 bytes.
    ///
    /// `ridl_ir::projection::flatbuffers::max_size` computed it,
    /// which is the one implementation of the bound (design note
    /// D-6): each table is charged its `soffset`, its inline
    /// fields, its vtable and one alignment event per slot; a
    /// string four bytes per declared character plus a
    /// terminator; a collection its declared maximum. It is a
    /// literal rather than an expression over the field types
    /// because that slack is not expressible in Rust's type
    /// system.
    const MAX_SIZE: usize = 50usize;
    type View<'a> = DoorFaultFbView<'a>;
    fn encode<'o>(
        &self,
        out: &'o mut [u8],
    ) -> ::core::result::Result<
        ::ridl_rt::payload::Encoded<'o, Self::View<'o>>,
        ::ridl_rt::payload::EncodeError,
    > {
        let mut builder = ::ridl_rt::flatbuffers::Builder::new(out);
        let __root = __ridl_fb_encode_door_fault(self, &mut builder)?;
        let bytes = builder.finish(__root, 8usize)?;
        let table = ::ridl_rt::flatbuffers::root(bytes).unwrap_or(0usize);
        ::core::result::Result::Ok(::ridl_rt::payload::Encoded {
            bytes,
            view: DoorFaultFbView {
                buf: bytes,
                table,
            },
        })
    }
    fn verify(
        buf: &[u8],
    ) -> ::core::result::Result<Self::View<'_>, ::ridl_rt::payload::VerifyError> {
        if buf.len()
            > <Self as ::ridl_rt::payload::Payload<
                ::ridl_rt::encoding::FlatBuffers,
            >>::MAX_SIZE
        {
            return ::core::result::Result::Err(
                ::ridl_rt::payload::VerifyError::Structure(
                    ::ridl_rt::payload::Malformed::TooLarge,
                ),
            );
        }
        let table = ::ridl_rt::flatbuffers::root(buf)
            .map_err(::ridl_rt::payload::VerifyError::Structure)?;
        __ridl_fb_verify_door_fault(buf, table)?;
        ::core::result::Result::Ok(DoorFaultFbView { buf, table })
    }
    fn decode(
        r: ::ridl_rt::payload::Ref<'_, Self, ::ridl_rt::encoding::FlatBuffers>,
    ) -> Self {
        let __view = r.view();
        __ridl_fb_decode_door_fault(__view.buf, __view.table)
    }
}


// ===== package fleet.vehicle =====
