---
source: crates/ridl-sem/src/check.rs
expression: "v2::to_json_pretty(&checked.ir)"
---
{
  "name": "veh.cluster",
  "decls": [
    {
      "name": "DoorPayload",
      "visibility": "VISIBILITY_PUBLIC",
      "isError": false,
      "doc": "",
      "labels": [],
      "ordinal": 0,
      "structDef": {
        "members": [
          {
            "field": {
              "name": "sensorId",
              "ordinal": 1,
              "type": {
                "optional": false,
                "inlineScalar": {
                  "backing": {
                    "primitive": "PRIMITIVE_TYPE_INTEGER"
                  },
                  "constraint": {
                    "min": "0",
                    "max": "15"
                  },
                  "intWidth": "INT_WIDTH_U8"
                }
              },
              "init": {
                "derivable": true,
                "value": "0"
              },
              "doc": "",
              "labels": []
            }
          },
          {
            "field": {
              "name": "isOpen",
              "ordinal": 2,
              "type": {
                "optional": false,
                "primitive": "PRIMITIVE_TYPE_BOOLEAN"
              },
              "init": {
                "derivable": true,
                "value": "false"
              },
              "doc": "",
              "labels": []
            }
          }
        ],
        "fixedLayout": true
      }
    },
    {
      "name": "DiagFilter",
      "visibility": "VISIBILITY_PUBLIC",
      "isError": false,
      "doc": "",
      "labels": [],
      "ordinal": 0,
      "structDef": {
        "members": [
          {
            "field": {
              "name": "severity",
              "ordinal": 1,
              "type": {
                "optional": false,
                "inlineScalar": {
                  "backing": {
                    "primitive": "PRIMITIVE_TYPE_INTEGER"
                  },
                  "constraint": {
                    "min": "0",
                    "max": "5"
                  },
                  "intWidth": "INT_WIDTH_U8"
                }
              },
              "init": {
                "derivable": true,
                "value": "0"
              },
              "doc": "",
              "labels": []
            }
          },
          {
            "field": {
              "name": "category",
              "ordinal": 2,
              "type": {
                "optional": true,
                "named": "ridl.std.Label"
              },
              "init": {
                "derivable": true
              },
              "doc": "",
              "labels": []
            }
          }
        ],
        "fixedLayout": false
      }
    },
    {
      "name": "FaultEvent",
      "visibility": "VISIBILITY_PUBLIC",
      "isError": false,
      "doc": "",
      "labels": [],
      "ordinal": 0,
      "structDef": {
        "members": [
          {
            "field": {
              "name": "code",
              "ordinal": 1,
              "type": {
                "optional": false,
                "inlineScalar": {
                  "backing": {
                    "primitive": "PRIMITIVE_TYPE_INTEGER"
                  },
                  "constraint": {
                    "min": "0",
                    "max": "65535"
                  },
                  "intWidth": "INT_WIDTH_U16"
                }
              },
              "init": {
                "derivable": true,
                "value": "0"
              },
              "doc": "",
              "labels": []
            }
          },
          {
            "field": {
              "name": "message",
              "ordinal": 2,
              "type": {
                "optional": false,
                "named": "ridl.std.Message"
              },
              "init": {
                "derivable": false
              },
              "doc": "",
              "labels": []
            }
          },
          {
            "field": {
              "name": "timestamp",
              "ordinal": 3,
              "type": {
                "optional": false,
                "named": "ridl.std.Timestamp"
              },
              "init": {
                "derivable": true,
                "value": "0"
              },
              "doc": "",
              "labels": []
            }
          }
        ],
        "fixedLayout": false
      }
    },
    {
      "name": "DiagError",
      "visibility": "VISIBILITY_PUBLIC",
      "isError": true,
      "doc": "",
      "labels": [],
      "ordinal": 0,
      "enumDef": {
        "values": [
          {
            "name": "FILTER_INVALID",
            "value": "0",
            "doc": ""
          },
          {
            "name": "STORAGE_BUSY",
            "value": "1",
            "doc": ""
          },
          {
            "name": "ACCESS_DENIED",
            "value": "2",
            "doc": ""
          }
        ],
        "reserved": []
      }
    },
    {
      "name": "FaultPage",
      "visibility": "VISIBILITY_PUBLIC",
      "isError": false,
      "doc": "",
      "labels": [],
      "ordinal": 0,
      "structDef": {
        "members": [
          {
            "field": {
              "name": "faults",
              "ordinal": 1,
              "type": {
                "optional": false,
                "array": {
                  "element": {
                    "optional": false,
                    "named": "FaultEvent"
                  },
                  "min": "0",
                  "max": "64"
                }
              },
              "init": {
                "derivable": true
              },
              "doc": "",
              "labels": []
            }
          }
        ],
        "fixedLayout": false
      }
    }
  ],
  "interfaces": [
    {
      "name": "VehicleStatus",
      "visibility": "VISIBILITY_PUBLIC",
      "doc": "Main vehicle status interface.",
      "labels": [
        "SIL_B",
        "CAL_2",
        "PRIVATE"
      ],
      "interactions": [
        {
          "name": "currentSpeed",
          "visibility": "VISIBILITY_UNSPECIFIED",
          "isError": false,
          "doc": "Current vehicle speed",
          "labels": [],
          "ordinal": 1,
          "signalDef": {
            "payload": "veh.common.Speed",
            "init": {
              "derivable": true,
              "value": "0"
            },
            "timing": {
              "mode": "TIMING_MODE_STRICT_PERIODIC",
              "minUs": "10000",
              "maxUs": "10000",
              "defaultApplied": false
            }
          }
        },
        {
          "name": "engineTemp",
          "visibility": "VISIBILITY_UNSPECIFIED",
          "isError": false,
          "doc": "Engine temperature",
          "labels": [],
          "ordinal": 2,
          "signalDef": {
            "payload": "veh.common.Temperature",
            "init": {
              "derivable": true,
              "value": "0"
            },
            "timing": {
              "mode": "TIMING_MODE_RANGE",
              "minUs": "20000",
              "maxUs": "100000",
              "defaultApplied": false
            }
          }
        },
        {
          "name": "warnings",
          "visibility": "VISIBILITY_UNSPECIFIED",
          "isError": false,
          "doc": "Active warnings",
          "labels": [],
          "ordinal": 3,
          "signalDef": {
            "payload": "veh.common.WarningFlags",
            "init": {
              "derivable": true,
              "value": ""
            },
            "timing": {
              "mode": "TIMING_MODE_RANGE",
              "minUs": "50000",
              "maxUs": "1000000",
              "defaultApplied": false
            }
          }
        },
        {
          "name": "doorOpened",
          "visibility": "VISIBILITY_UNSPECIFIED",
          "isError": false,
          "doc": "Raised on every door state change",
          "labels": [],
          "ordinal": 4,
          "eventDef": {
            "payload": "DoorPayload",
            "timing": {
              "mode": "TIMING_MODE_RANGE",
              "minUs": "50000",
              "maxUs": "500000",
              "defaultApplied": false
            }
          }
        },
        {
          "name": "setGear",
          "visibility": "VISIBILITY_UNSPECIFIED",
          "isError": false,
          "doc": "Request a gear change",
          "labels": [],
          "ordinal": 5,
          "commandDef": {
            "params": [
              {
                "name": "position",
                "type": {
                  "optional": false,
                  "named": "veh.common.GearPosition"
                }
              }
            ],
            "contracts": [
              {
                "kind": "CONTRACT_KIND_REQUIRE",
                "source": "position != GearPosition.PARK || currentSpeed == 0.0",
                "signalRefs": [
                  "VehicleStatus.currentSpeed"
                ],
                "paramRefs": [
                  "position"
                ],
                "usesResult": false,
                "observerId": "VehicleStatus.setGear.require[0]"
              }
            ]
          }
        },
        {
          "name": "",
          "visibility": "VISIBILITY_UNSPECIFIED",
          "isError": false,
          "doc": "",
          "labels": [],
          "ordinal": 6,
          "reservedSlot": {
            "ordinal": 6,
            "name": "resetCounters"
          }
        },
        {
          "name": "getAverageSpeed",
          "visibility": "VISIBILITY_UNSPECIFIED",
          "isError": false,
          "doc": "Sliding-window average",
          "labels": [],
          "ordinal": 7,
          "queryDef": {
            "params": [
              {
                "name": "window",
                "type": {
                  "optional": false,
                  "named": "ridl.std.Duration"
                }
              }
            ],
            "returnType": {
              "value": {
                "optional": false,
                "named": "veh.common.Speed"
              }
            },
            "contracts": [
              {
                "kind": "CONTRACT_KIND_REQUIRE",
                "source": "window > 0ms",
                "signalRefs": [],
                "paramRefs": [
                  "window"
                ],
                "usesResult": false,
                "observerId": "VehicleStatus.getAverageSpeed.require[0]"
              },
              {
                "kind": "CONTRACT_KIND_ENSURE",
                "source": "result >= 0.0",
                "signalRefs": [],
                "paramRefs": [],
                "usesResult": true,
                "observerId": "VehicleStatus.getAverageSpeed.ensure[0]"
              }
            ]
          }
        },
        {
          "name": "streamFaults",
          "visibility": "VISIBILITY_UNSPECIFIED",
          "isError": false,
          "doc": "Fault history as a finite stream",
          "labels": [],
          "ordinal": 8,
          "queryDef": {
            "params": [
              {
                "name": "filter",
                "type": {
                  "optional": false,
                  "named": "DiagFilter"
                }
              }
            ],
            "returnType": {
              "value": {
                "optional": false,
                "stream": {
                  "named": "FaultEvent"
                }
              }
            },
            "contracts": []
          }
        },
        {
          "name": "getFaultPage",
          "visibility": "VISIBILITY_UNSPECIFIED",
          "isError": false,
          "doc": "Paged fault snapshot",
          "labels": [],
          "ordinal": 9,
          "queryDef": {
            "params": [
              {
                "name": "filter",
                "type": {
                  "optional": false,
                  "named": "DiagFilter"
                }
              }
            ],
            "returnType": {
              "fallible": {
                "ok": "FaultPage",
                "err": "DiagError"
              }
            },
            "contracts": []
          }
        },
        {
          "name": "softwareVersion",
          "visibility": "VISIBILITY_UNSPECIFIED",
          "isError": false,
          "doc": "",
          "labels": [],
          "ordinal": 10,
          "fixedDef": {
            "payload": {
              "optional": false,
              "named": "ridl.std.Version"
            }
          }
        },
        {
          "name": "capabilities",
          "visibility": "VISIBILITY_UNSPECIFIED",
          "isError": false,
          "doc": "",
          "labels": [],
          "ordinal": 11,
          "fixedDef": {
            "payload": {
              "optional": false,
              "array": {
                "element": {
                  "optional": false,
                  "named": "ridl.std.Label"
                },
                "min": "0",
                "max": "32"
              }
            }
          }
        }
      ]
    }
  ],
  "services": []
}
