---
source: crates/ridl-core/src/diag.rs
expression: "to_json(&[diagnostic], &sources)"
---
[
  {
    "code": "",
    "severity": "error",
    "message": "expected a type, but `FROB` names a constant",
    "span": {
      "path": "",
      "start": {
        "line": 1,
        "column": 1
      },
      "end": {
        "line": 1,
        "column": 1
      }
    },
    "labels": [],
    "fixes": []
  }
]
