---
source: crates/ridl-syntax/tests/parser_corpus.rs
expression: dump(&parsed)
input_file: crates/ridl-syntax/test_data/parser/ok/imports_alias_internal.typl
---
SourceFile@0..410
  LineComment@0..67 "// Packages, imports, ..."
  Whitespace@67..68 "\n"
  PackageDecl@68..90
    PackageKw@68..75 "package"
    Whitespace@75..76 " "
    QualifiedName@76..90
      Ident@76..82 "corpus"
      Dot@82..83 "."
      Ident@83..90 "imports"
  Whitespace@90..92 "\n\n"
  Import@92..115
    ImportKw@92..98 "import"
    Whitespace@98..99 " "
    QualifiedName@99..115
      Ident@99..102 "veh"
      Dot@102..103 "."
      Ident@103..109 "common"
      Dot@109..110 "."
      Ident@110..115 "Speed"
  Whitespace@115..116 "\n"
  Import@116..154
    ImportKw@116..122 "import"
    Whitespace@122..123 " "
    QualifiedName@123..139
      Ident@123..129 "marine"
      Dot@129..130 "."
      Ident@130..133 "nav"
      Dot@133..134 "."
      Ident@134..139 "Speed"
    Whitespace@139..140 " "
    AsKw@140..142 "as"
    Whitespace@142..143 " "
    Name@143..154
      Ident@143..154 "MarineSpeed"
  Whitespace@154..155 "\n"
  Import@155..187
    ImportKw@155..161 "import"
    Whitespace@161..162 " "
    QualifiedName@162..187
      Ident@162..165 "veh"
      Dot@165..166 "."
      Ident@166..176 "regulatory"
      Dot@176..177 "."
      Ident@177..187 "SpeedLimit"
  Whitespace@187..189 "\n\n"
  TypeDef@189..225
    TypeKw@189..193 "type"
    Whitespace@193..194 " "
    Name@194..199
      Ident@194..199 "Knots"
    Whitespace@199..200 " "
    Colon@200..201 ":"
    Whitespace@201..202 " "
    UnitExpr@202..204
      Ident@202..204 "kn"
    Whitespace@204..205 " "
    Constraint@205..225
      LBracket@205..206 "["
      Literal@206..209
        FloatNumber@206..209 "0.0"
      DotDot@209..211 ".."
      Literal@211..215
        FloatNumber@211..215 "60.0"
      Whitespace@215..216 " "
      StepKw@216..220 "step"
      Whitespace@220..221 " "
      Literal@221..224
        FloatNumber@221..224 "0.1"
      RBracket@224..225 "]"
  Whitespace@225..227 "\n\n"
  TypeDef@227..270
    InternalKw@227..235 "internal"
    Whitespace@235..236 " "
    TypeKw@236..240 "type"
    Whitespace@240..241 " "
    Name@241..249
      Ident@241..249 "RawTicks"
    Whitespace@249..250 " "
    Colon@250..251 ":"
    Whitespace@251..252 " "
    PrimitiveType@252..259
      IntegerKw@252..259 "integer"
    Whitespace@259..260 " "
    Constraint@260..270
      LBracket@260..261 "["
      Literal@261..262
        IntNumber@261..262 "0"
      DotDot@262..264 ".."
      Literal@264..269
        IntNumber@264..269 "65535"
      RBracket@269..270 "]"
  Whitespace@270..272 "\n\n"
  ConstDef@272..312
    InternalKw@272..280 "internal"
    Whitespace@280..281 " "
    ConstKw@281..286 "const"
    Whitespace@286..287 " "
    Name@287..298
      Ident@287..298 "CALIBRATION"
    Whitespace@298..299 " "
    Colon@299..300 ":"
    Whitespace@300..301 " "
    PathType@301..306
      QualifiedName@301..306
        Ident@301..306 "Knots"
    Whitespace@306..307 " "
    Eq@307..308 "="
    Whitespace@308..309 " "
    Literal@309..312
      FloatNumber@309..312 "1.5"
  Whitespace@312..314 "\n\n"
  StructDef@314..409
    StructKw@314..320 "struct"
    Whitespace@320..321 " "
    Name@321..331
      Ident@321..331 "Comparison"
    Whitespace@331..332 " "
    LBrace@332..333 "{"
    Whitespace@333..336 "\n  "
    FieldDef@336..349
      Name@336..340
        Ident@336..340 "road"
      Whitespace@340..342 "  "
      Colon@342..343 ":"
      Whitespace@343..344 " "
      PathType@344..349
        QualifiedName@344..349
          Ident@344..349 "Speed"
    Whitespace@349..352 "\n  "
    FieldDef@352..371
      Name@352..355
        Ident@352..355 "sea"
      Whitespace@355..358 "   "
      Colon@358..359 ":"
      Whitespace@359..360 " "
      PathType@360..371
        QualifiedName@360..371
          Ident@360..371 "MarineSpeed"
    Whitespace@371..374 "\n  "
    FieldDef@374..407
      Name@374..379
        Ident@374..379 "limit"
      Whitespace@379..380 " "
      Colon@380..381 ":"
      Whitespace@381..382 " "
      PathType@382..407
        QualifiedName@382..407
          Ident@382..385 "veh"
          Dot@385..386 "."
          Ident@386..396 "regulatory"
          Dot@396..397 "."
          Ident@397..407 "SpeedLimit"
    Whitespace@407..408 "\n"
    RBrace@408..409 "}"
  Whitespace@409..410 "\n"
errors: none
